Archive member included to satisfy reference by file (symbol)

c:/st/stm32cubeide_1.12.1/stm32cubeide/plugins/com.st.stm32cube.ide.mcu.externaltools.gnu-tools-for-stm32.10.3-2021.10.win32_1.0.200.202301161003/tools/bin/../lib/gcc/arm-none-eabi/10.3.1/../../../../arm-none-eabi/lib/thumb/v7e-m+fp/hard\libc_nano.a(lib_a-errno.o)
                              ./Core/Src/syscalls.o (__errno)
c:/st/stm32cubeide_1.12.1/stm32cubeide/plugins/com.st.stm32cube.ide.mcu.externaltools.gnu-tools-for-stm32.10.3-2021.10.win32_1.0.200.202301161003/tools/bin/../lib/gcc/arm-none-eabi/10.3.1/../../../../arm-none-eabi/lib/thumb/v7e-m+fp/hard\libc_nano.a(lib_a-exit.o)
                              c:/st/stm32cubeide_1.12.1/stm32cubeide/plugins/com.st.stm32cube.ide.mcu.externaltools.gnu-tools-for-stm32.10.3-2021.10.win32_1.0.200.202301161003/tools/bin/../lib/gcc/arm-none-eabi/10.3.1/../../../../arm-none-eabi/lib/thumb/v7e-m+fp/hard/crt0.o (exit)
c:/st/stm32cubeide_1.12.1/stm32cubeide/plugins/com.st.stm32cube.ide.mcu.externaltools.gnu-tools-for-stm32.10.3-2021.10.win32_1.0.200.202301161003/tools/bin/../lib/gcc/arm-none-eabi/10.3.1/../../../../arm-none-eabi/lib/thumb/v7e-m+fp/hard\libc_nano.a(lib_a-findfp.o)
                              ./Middlewares/Third_Party/FreeRTOS/Source/tasks.o (__sf_fake_stderr)
c:/st/stm32cubeide_1.12.1/stm32cubeide/plugins/com.st.stm32cube.ide.mcu.externaltools.gnu-tools-for-stm32.10.3-2021.10.win32_1.0.200.202301161003/tools/bin/../lib/gcc/arm-none-eabi/10.3.1/../../../../arm-none-eabi/lib/thumb/v7e-m+fp/hard\libc_nano.a(lib_a-fwalk.o)
                              c:/st/stm32cubeide_1.12.1/stm32cubeide/plugins/com.st.stm32cube.ide.mcu.externaltools.gnu-tools-for-stm32.10.3-2021.10.win32_1.0.200.202301161003/tools/bin/../lib/gcc/arm-none-eabi/10.3.1/../../../../arm-none-eabi/lib/thumb/v7e-m+fp/hard\libc_nano.a(lib_a-findfp.o) (_fwalk)
c:/st/stm32cubeide_1.12.1/stm32cubeide/plugins/com.st.stm32cube.ide.mcu.externaltools.gnu-tools-for-stm32.10.3-2021.10.win32_1.0.200.202301161003/tools/bin/../lib/gcc/arm-none-eabi/10.3.1/../../../../arm-none-eabi/lib/thumb/v7e-m+fp/hard\libc_nano.a(lib_a-impure.o)
                              c:/st/stm32cubeide_1.12.1/stm32cubeide/plugins/com.st.stm32cube.ide.mcu.externaltools.gnu-tools-for-stm32.10.3-2021.10.win32_1.0.200.202301161003/tools/bin/../lib/gcc/arm-none-eabi/10.3.1/../../../../arm-none-eabi/lib/thumb/v7e-m+fp/hard\libc_nano.a(lib_a-exit.o) (_global_impure_ptr)
c:/st/stm32cubeide_1.12.1/stm32cubeide/plugins/com.st.stm32cube.ide.mcu.externaltools.gnu-tools-for-stm32.10.3-2021.10.win32_1.0.200.202301161003/tools/bin/../lib/gcc/arm-none-eabi/10.3.1/../../../../arm-none-eabi/lib/thumb/v7e-m+fp/hard\libc_nano.a(lib_a-init.o)
                              c:/st/stm32cubeide_1.12.1/stm32cubeide/plugins/com.st.stm32cube.ide.mcu.externaltools.gnu-tools-for-stm32.10.3-2021.10.win32_1.0.200.202301161003/tools/bin/../lib/gcc/arm-none-eabi/10.3.1/../../../../arm-none-eabi/lib/thumb/v7e-m+fp/hard/crt0.o (__libc_init_array)
c:/st/stm32cubeide_1.12.1/stm32cubeide/plugins/com.st.stm32cube.ide.mcu.externaltools.gnu-tools-for-stm32.10.3-2021.10.win32_1.0.200.202301161003/tools/bin/../lib/gcc/arm-none-eabi/10.3.1/../../../../arm-none-eabi/lib/thumb/v7e-m+fp/hard\libc_nano.a(lib_a-lock.o)
                              c:/st/stm32cubeide_1.12.1/stm32cubeide/plugins/com.st.stm32cube.ide.mcu.externaltools.gnu-tools-for-stm32.10.3-2021.10.win32_1.0.200.202301161003/tools/bin/../lib/gcc/arm-none-eabi/10.3.1/../../../../arm-none-eabi/lib/thumb/v7e-m+fp/hard\libc_nano.a(lib_a-findfp.o) (__retarget_lock_init_recursive)
c:/st/stm32cubeide_1.12.1/stm32cubeide/plugins/com.st.stm32cube.ide.mcu.externaltools.gnu-tools-for-stm32.10.3-2021.10.win32_1.0.200.202301161003/tools/bin/../lib/gcc/arm-none-eabi/10.3.1/../../../../arm-none-eabi/lib/thumb/v7e-m+fp/hard\libc_nano.a(lib_a-memcpy-stub.o)
                              ./Middlewares/Third_Party/FreeRTOS/Source/queue.o (memcpy)
c:/st/stm32cubeide_1.12.1/stm32cubeide/plugins/com.st.stm32cube.ide.mcu.externaltools.gnu-tools-for-stm32.10.3-2021.10.win32_1.0.200.202301161003/tools/bin/../lib/gcc/arm-none-eabi/10.3.1/../../../../arm-none-eabi/lib/thumb/v7e-m+fp/hard\libc_nano.a(lib_a-memset.o)
                              c:/st/stm32cubeide_1.12.1/stm32cubeide/plugins/com.st.stm32cube.ide.mcu.externaltools.gnu-tools-for-stm32.10.3-2021.10.win32_1.0.200.202301161003/tools/bin/../lib/gcc/arm-none-eabi/10.3.1/../../../../arm-none-eabi/lib/thumb/v7e-m+fp/hard/crt0.o (memset)
c:/st/stm32cubeide_1.12.1/stm32cubeide/plugins/com.st.stm32cube.ide.mcu.externaltools.gnu-tools-for-stm32.10.3-2021.10.win32_1.0.200.202301161003/tools/bin/../lib/gcc/arm-none-eabi/10.3.1/../../../../arm-none-eabi/lib/thumb/v7e-m+fp/hard\libc_nano.a(lib_a-nano-mallocr.o)
[...]
Memory Configuration

Name             Origin             Length             Attributes
RAM              0x0000000020000000 0x0000000000004000 xrw
FLASH            0x0000000008000000 0x0000000000010000 xr
*default*        0x0000000000000000 0xffffffffffffffff

Linker script and memory map

LOAD c:/st/stm32cubeide_1.12.1/stm32cubeide/plugins/com.st.stm32cube.ide.mcu.externaltools.gnu-tools-for-stm32.10.3-2021.10.win32_1.0.200.202301161003/tools/bin/../lib/gcc/arm-none-eabi/10.3.1/thumb/v7e-m+fp/hard/crti.o
LOAD c:/st/stm32cubeide_1.12.1/stm32cubeide/plugins/com.st.stm32cube.ide.mcu.externaltools.gnu-tools-for-stm32.10.3-2021.10.win32_1.0.200.202301161003/tools/bin/../lib/gcc/arm-none-eabi/10.3.1/thumb/v7e-m+fp/hard/crtbegin.o
LOAD c:/st/stm32cubeide_1.12.1/stm32cubeide/plugins/com.st.stm32cube.ide.mcu.externaltools.gnu-tools-for-stm32.10.3-2021.10.win32_1.0.200.202301161003/tools/bin/../lib/gcc/arm-none-eabi/10.3.1/../../../../arm-none-eabi/lib/thumb/v7e-m+fp/hard/crt0.o
LOAD ./Core/Src/DFPLAYER_MINI.o
LOAD ./Core/Src/freertos.o
LOAD ./Core/Src/main.o
LOAD ./Core/Src/stm32f3xx_hal_msp.o
LOAD ./Core/Src/stm32f3xx_hal_timebase_tim.o
LOAD ./Core/Src/stm32f3xx_it.o
LOAD ./Core/Src/syscalls.o
LOAD ./Core/Src/sysmem.o
LOAD ./Core/Src/system_stm32f3xx.o
LOAD ./Core/Startup/startup_stm32f302r8tx.o
LOAD ./Drivers/STM32F3xx_HAL_Driver/Src/stm32f3xx_hal.o
LOAD ./Drivers/STM32F3xx_HAL_Driver/Src/stm32f3xx_hal_adc.o
LOAD ./Drivers/STM32F3xx_HAL_Driver/Src/stm32f3xx_hal_adc_ex.o
LOAD ./Drivers/STM32F3xx_HAL_Driver/Src/stm32f3xx_hal_cortex.o
LOAD ./Drivers/STM32F3xx_HAL_Driver/Src/stm32f3xx_hal_dac.o
LOAD ./Drivers/STM32F3xx_HAL_Driver/Src/stm32f3xx_hal_dac_ex.o
LOAD ./Drivers/STM32F3xx_HAL_Driver/Src/stm32f3xx_hal_dma.o
LOAD ./Drivers/STM32F3xx_HAL_Driver/Src/stm32f3xx_hal_exti.o
LOAD ./Drivers/STM32F3xx_HAL_Driver/Src/stm32f3xx_hal_flash.o
LOAD ./Drivers/STM32F3xx_HAL_Driver/Src/stm32f3xx_hal_flash_ex.o
LOAD ./Drivers/STM32F3xx_HAL_Driver/Src/stm32f3xx_hal_gpio.o
LOAD ./Drivers/STM32F3xx_HAL_Driver/Src/stm32f3xx_hal_i2c.o
LOAD ./Drivers/STM32F3xx_HAL_Driver/Src/stm32f3xx_hal_i2c_ex.o
LOAD ./Drivers/STM32F3xx_HAL_Driver/Src/stm32f3xx_hal_pwr.o
LOAD ./Drivers/STM32F3xx_HAL_Driver/Src/stm32f3xx_hal_pwr_ex.o
LOAD ./Drivers/STM32F3xx_HAL_Driver/Src/stm32f3xx_hal_rcc.o
LOAD ./Drivers/STM32F3xx_HAL_Driver/Src/stm32f3xx_hal_rcc_ex.o
LOAD ./Drivers/STM32F3xx_HAL_Driver/Src/stm32f3xx_hal_tim.o
LOAD ./Drivers/STM32F3xx_HAL_Driver/Src/stm32f3xx_hal_tim_ex.o
LOAD ./Drivers/STM32F3xx_HAL_Driver/Src/stm32f3xx_hal_uart.o
LOAD ./Drivers/STM32F3xx_HAL_Driver/Src/stm32f3xx_hal_uart_ex.o
LOAD ./Middlewares/Third_Party/FreeRTOS/Source/CMSIS_RTOS/cmsis_os.o
LOAD ./Middlewares/Third_Party/FreeRTOS/Source/croutine.o
LOAD ./Middlewares/Third_Party/FreeRTOS/Source/event_groups.o
LOAD ./Middlewares/Third_Party/FreeRTOS/Source/list.o
LOAD ./Middlewares/Third_Party/FreeRTOS/Source/queue.o
LOAD ./Middlewares/Third_Party/FreeRTOS/Source/stream_buffer.o
LOAD ./Middlewares/Third_Party/FreeRTOS/Source/tasks.o
LOAD ./Middlewares/Third_Party/FreeRTOS/Source/timers.o
LOAD ./Middlewares/Third_Party/FreeRTOS/Source/portable/GCC/ARM_CM4F/port.o
LOAD ./Middlewares/Third_Party/FreeRTOS/Source/portable/MemMang/heap_4.o
START GROUP
LOAD c:/st/stm32cubeide_1.12.1/stm32cubeide/plugins/com.st.stm32cube.ide.mcu.externaltools.gnu-tools-for-stm32.10.3-2021.10.win32_1.0.200.202301161003/tools/bin/../lib/gcc/arm-none-eabi/10.3.1/../../../../arm-none-eabi/lib/thumb/v7e-m+fp/hard\libc_nano.a
LOAD c:/st/stm32cubeide_1.12.1/stm32cubeide/plugins/com.st.stm32cube.ide.mcu.externaltools.gnu-tools-for-stm32.10.3-2021.10.win32_1.0.200.202301161003/tools/bin/../lib/gcc/arm-none-eabi/10.3.1/../../../../arm-none-eabi/lib/thumb/v7e-m+fp/hard\libm.a
END GROUP
START GROUP
LOAD c:/st/stm32cubeide_1.12.1/stm32cubeide/plugins/com.st.stm32cube.ide.mcu.externaltools.gnu-tools-for-stm32.10.3-2021.10.win32_1.0.200.202301161003/tools/bin/../lib/gcc/arm-none-eabi/10.3.1/thumb/v7e-m+fp/hard\libgcc.a
LOAD c:/st/stm32cubeide_1.12.1/stm32cubeide/plugins/com.st.stm32cube.ide.mcu.externaltools.gnu-tools-for-stm32.10.3-2021.10.win32_1.0.200.202301161003/tools/bin/../lib/gcc/arm-none-eabi/10.3.1/../../../../arm-none-eabi/lib/thumb/v7e-m+fp/hard\libc_nano.a
END GROUP
START GROUP
LOAD c:/st/stm32cubeide_1.12.1/stm32cubeide/plugins/com.st.stm32cube.ide.mcu.externaltools.gnu-tools-for-stm32.10.3-2021.10.win32_1.0.200.202301161003/tools/bin/../lib/gcc/arm-none-eabi/10.3.1/thumb/v7e-m+fp/hard\libgcc.a
LOAD c:/st/stm32cubeide_1.12.1/stm32cubeide/plugins/com.st.stm32cube.ide.mcu.externaltools.gnu-tools-for-stm32.10.3-2021.10.win32_1.0.200.202301161003/tools/bin/../lib/gcc/arm-none-eabi/10.3.1/../../../../arm-none-eabi/lib/thumb/v7e-m+fp/hard\libc_nano.a
LOAD c:/st/stm32cubeide_1.12.1/stm32cubeide/plugins/com.st.stm32cube.ide.mcu.externaltools.gnu-tools-for-stm32.10.3-2021.10.win32_1.0.200.202301161003/tools/bin/../lib/gcc/arm-none-eabi/10.3.1/../../../../arm-none-eabi/lib/thumb/v7e-m+fp/hard\libnosys.a
END GROUP
START GROUP
LOAD c:/st/stm32cubeide_1.12.1/stm32cubeide/plugins/com.st.stm32cube.ide.mcu.externaltools.gnu-tools-for-stm32.10.3-2021.10.win32_1.0.200.202301161003/tools/bin/../lib/gcc/arm-none-eabi/10.3.1/thumb/v7e-m+fp/hard\libgcc.a
LOAD c:/st/stm32cubeide_1.12.1/stm32cubeide/plugins/com.st.stm32cube.ide.mcu.externaltools.gnu-tools-for-stm32.10.3-2021.10.win32_1.0.200.202301161003/tools/bin/../lib/gcc/arm-none-eabi/10.3.1/../../../../arm-none-eabi/lib/thumb/v7e-m+fp/hard\libc_nano.a
LOAD c:/st/stm32cubeide_1.12.1/stm32cubeide/plugins/com.st.stm32cube.ide.mcu.externaltools.gnu-tools-for-stm32.10.3-2021.10.win32_1.0.200.202301161003/tools/bin/../lib/gcc/arm-none-eabi/10.3.1/../../../../arm-none-eabi/lib/thumb/v7e-m+fp/hard\libnosys.a
END GROUP
LOAD c:/st/stm32cubeide_1.12.1/stm32cubeide/plugins/com.st.stm32cube.ide.mcu.externaltools.gnu-tools-for-stm32.10.3-2021.10.win32_1.0.200.202301161003/tools/bin/../lib/gcc/arm-none-eabi/10.3.1/thumb/v7e-m+fp/hard/crtend.o
LOAD c:/st/stm32cubeide_1.12.1/stm32cubeide/plugins/com.st.stm32cube.ide.mcu.externaltools.gnu-tools-for-stm32.10.3-2021.10.win32_1.0.200.202301161003/tools/bin/../lib/gcc/arm-none-eabi/10.3.1/thumb/v7e-m+fp/hard/crtn.o
                0x0000000020004000                _estack = (ORIGIN (RAM) + LENGTH (RAM))
                0x0000000000000200                _Min_Heap_Size = 0x200
                0x0000000000000400                _Min_Stack_Size = 0x400

.isr_vector     0x0000000008000000      0x188
                0x0000000008000000                . = ALIGN (0x4)
 *(.isr_vector)
 .isr_vector    0x0000000008000000      0x188 ./Core/Startup/startup_stm32f302r8tx.o
                0x0000000008000000                g_pfnVectors
                0x0000000008000188                . = ALIGN (0x4)

.text           0x0000000008000190     0x64d4
                0x0000000008000190                . = ALIGN (0x4)
 *(.text)
 .text          0x0000000008000190       0x40 c:/st/stm32cubeide_1.12.1/stm32cubeide/plugins/com.st.stm32cube.ide.mcu.externaltools.gnu-tools-for-stm32.10.3-2021.10.win32_1.0.200.202301161003/tools/bin/../lib/gcc/arm-none-eabi/10.3.1/thumb/v7e-m+fp/hard/crtbegin.o
 *(.text*)
 .text.Send_cmd
                0x00000000080001d0       0x80 ./Core/Src/DFPLAYER_MINI.o
                0x00000000080001d0                Send_cmd
 .text.DF_PlayFromStart
                0x0000000008000250       0x18 ./Core/Src/DFPLAYER_MINI.o
                0x0000000008000250                DF_PlayFromStart
 .text.DF_Init  0x0000000008000268       0x36 ./Core/Src/DFPLAYER_MINI.o
                0x0000000008000268                DF_Init
 *fill*         0x000000000800029e        0x2 
 .text.vApplicationGetIdleTaskMemory
                0x00000000080002a0       0x34 ./Core/Src/freertos.o
                0x00000000080002a0                vApplicationGetIdleTaskMemory
 .text.delay    0x00000000080002d4       0x34 ./Core/Src/main.o
                0x00000000080002d4                delay
 .text.Set_Pin_Output
                0x0000000008000308       0x3c ./Core/Src/main.o
                0x0000000008000308                Set_Pin_Output
 .text.Set_Pin_Input
                0x0000000008000344       0x3c ./Core/Src/main.o
                0x0000000008000344                Set_Pin_Input
 .text.DHT11_Start
                0x0000000008000380       0x42 ./Core/Src/main.o
                0x0000000008000380                DHT11_Start
 .text.DHT11_Check_Response
                0x00000000080003c2       0x5c ./Core/Src/main.o
                0x00000000080003c2                DHT11_Check_Response
 .text.DHT11_Read
                0x000000000800041e       0x90 ./Core/Src/main.o
                0x000000000800041e                DHT11_Read
 *fill*         0x00000000080004ae        0x2 
 .text.main     0x00000000080004b0       0xc0 ./Core/Src/main.o
                0x00000000080004b0                main
 .text.SystemClock_Config
                0x0000000008000570       0xc8 ./Core/Src/main.o
                0x0000000008000570                SystemClock_Config
 .text.MX_ADC1_Init
                0x0000000008000638       0xb8 ./Core/Src/main.o
 .text.MX_DAC_Init
                0x00000000080006f0       0x54 ./Core/Src/main.o
 .text.MX_TIM1_Init
                0x0000000008000744       0xa4 ./Core/Src/main.o
 .text.MX_TIM2_Init
                0x00000000080007e8       0x98 ./Core/Src/main.o
 .text.MX_TIM15_Init
                0x0000000008000880       0xa4 ./Core/Src/main.o
 .text.MX_USART1_UART_Init
                0x0000000008000924       0x60 ./Core/Src/main.o
 .text.MX_DMA_Init
                0x0000000008000984       0x5c ./Core/Src/main.o
 .text.MX_GPIO_Init
                0x00000000080009e0       0xdc ./Core/Src/main.o
 .text.Task1    0x0000000008000abc       0x8c ./Core/Src/main.o
                0x0000000008000abc                Task1
 .text.Task0    0x0000000008000b48       0x1c ./Core/Src/main.o
                0x0000000008000b48                Task0
 .text.HAL_TIM_PeriodElapsedCallback
                0x0000000008000b64       0x24 ./Core/Src/main.o
                0x0000000008000b64                HAL_TIM_PeriodElapsedCallback
 .text.Error_Handler
                0x0000000008000b88        0xa ./Core/Src/main.o
                0x0000000008000b88                Error_Handler
 *fill*         0x0000000008000b92        0x2 
 .text.HAL_MspInit
                0x0000000008000b94       0x50 ./Core/Src/stm32f3xx_hal_msp.o
                0x0000000008000b94                HAL_MspInit
 .text.HAL_ADC_MspInit
                0x0000000008000be4      0x104 ./Core/Src/stm32f3xx_hal_msp.o
                0x0000000008000be4                HAL_ADC_MspInit
 .text.HAL_DAC_MspInit
                0x0000000008000ce8       0xf4 ./Core/Src/stm32f3xx_hal_msp.o
                0x0000000008000ce8                HAL_DAC_MspInit
 .text.HAL_TIM_Base_MspInit
                0x0000000008000ddc      0x100 ./Core/Src/stm32f3xx_hal_msp.o
                0x0000000008000ddc                HAL_TIM_Base_MspInit
 .text.HAL_UART_MspInit
                0x0000000008000edc       0x88 ./Core/Src/stm32f3xx_hal_msp.o
                0x0000000008000edc                HAL_UART_MspInit
 .text.HAL_InitTick
                0x0000000008000f64       0xf4 ./Core/Src/stm32f3xx_hal_timebase_tim.o
                0x0000000008000f64                HAL_InitTick
 .text.NMI_Handler
                0x0000000008001058        0x6 ./Core/Src/stm32f3xx_it.o
                0x0000000008001058                NMI_Handler
 .text.HardFault_Handler
                0x000000000800105e        0x6 ./Core/Src/stm32f3xx_it.o
                0x000000000800105e                HardFault_Handler
 .text.MemManage_Handler
                0x0000000008001064        0x6 ./Core/Src/stm32f3xx_it.o
                0x0000000008001064                MemManage_Handler
 .text.BusFault_Handler
                0x000000000800106a        0x6 ./Core/Src/stm32f3xx_it.o
                0x000000000800106a                BusFault_Handler
 .text.UsageFault_Handler
                0x0000000008001070        0x6 ./Core/Src/stm32f3xx_it.o
                0x0000000008001070                UsageFault_Handler
 .text.DebugMon_Handler
                0x0000000008001076        0xe ./Core/Src/stm32f3xx_it.o
                0x0000000008001076                DebugMon_Handler
 .text.DMA1_Channel1_IRQHandler
                0x0000000008001084       0x14 ./Core/Src/stm32f3xx_it.o
                0x0000000008001084                DMA1_Channel1_IRQHandler
 .text.DMA1_Channel3_IRQHandler
                0x0000000008001098       0x14 ./Core/Src/stm32f3xx_it.o
                0x0000000008001098                DMA1_Channel3_IRQHandler
 .text.DMA1_Channel5_IRQHandler
                0x00000000080010ac       0x14 ./Core/Src/stm32f3xx_it.o
                0x00000000080010ac                DMA1_Channel5_IRQHandler
 .text.TIM1_BRK_TIM15_IRQHandler
                0x00000000080010c0       0x1c ./Core/Src/stm32f3xx_it.o
                0x00000000080010c0                TIM1_BRK_TIM15_IRQHandler
 .text.TIM6_DAC_IRQHandler
                0x00000000080010dc       0x1c ./Core/Src/stm32f3xx_it.o
                0x00000000080010dc                TIM6_DAC_IRQHandler
 .text.SystemInit
                0x00000000080010f8       0x24 ./Core/Src/system_stm32f3xx.o
                0x00000000080010f8                SystemInit
 .text.Reset_Handler
                0x000000000800111c       0x50 ./Core/Startup/startup_stm32f302r8tx.o
                0x000000000800111c                Reset_Handler
 .text.Default_Handler
                0x000000000800116c        0x2 ./Core/Startup/startup_stm32f302r8tx.o
                0x000000000800116c                RTC_Alarm_IRQHandler
                0x000000000800116c                TIM1_CC_IRQHandler
                0x000000000800116c                USB_HP_IRQHandler
                0x000000000800116c                PVD_IRQHandler
                0x000000000800116c                TAMP_STAMP_IRQHandler
                0x000000000800116c                EXTI3_IRQHandler
                0x000000000800116c                I2C3_ER_IRQHandler
                0x000000000800116c                USB_HP_CAN_TX_IRQHandler
                0x000000000800116c                EXTI0_IRQHandler
                0x000000000800116c                I2C2_EV_IRQHandler
                0x000000000800116c                FPU_IRQHandler
                0x000000000800116c                TIM1_UP_TIM16_IRQHandler
                0x000000000800116c                CAN_SCE_IRQHandler
                0x000000000800116c                DMA1_Channel4_IRQHandler
                0x000000000800116c                ADC1_IRQHandler
                0x000000000800116c                USART3_IRQHandler
                0x000000000800116c                DMA1_Channel7_IRQHandler
                0x000000000800116c                CAN_RX1_IRQHandler
                0x000000000800116c                I2C1_EV_IRQHandler
                0x000000000800116c                DMA1_Channel6_IRQHandler
                0x000000000800116c                RCC_IRQHandler
                0x000000000800116c                Default_Handler
                0x000000000800116c                USBWakeUp_RMP_IRQHandler
                0x000000000800116c                EXTI15_10_IRQHandler
                0x000000000800116c                COMP2_IRQHandler
                0x000000000800116c                I2C3_EV_IRQHandler
                0x000000000800116c                EXTI9_5_IRQHandler
                0x000000000800116c                RTC_WKUP_IRQHandler
                0x000000000800116c                SPI2_IRQHandler
                0x000000000800116c                USB_LP_CAN_RX0_IRQHandler
                0x000000000800116c                USB_LP_IRQHandler
                0x000000000800116c                EXTI4_IRQHandler
                0x000000000800116c                TIM1_TRG_COM_TIM17_IRQHandler
                0x000000000800116c                WWDG_IRQHandler
                0x000000000800116c                TIM2_IRQHandler
                0x000000000800116c                EXTI1_IRQHandler
                0x000000000800116c                COMP4_6_IRQHandler
                0x000000000800116c                USART2_IRQHandler
                0x000000000800116c                I2C2_ER_IRQHandler
                0x000000000800116c                DMA1_Channel2_IRQHandler
                0x000000000800116c                FLASH_IRQHandler
                0x000000000800116c                USART1_IRQHandler
                0x000000000800116c                SPI3_IRQHandler
                0x000000000800116c                I2C1_ER_IRQHandler
                0x000000000800116c                USBWakeUp_IRQHandler
                0x000000000800116c                EXTI2_TSC_IRQHandler
 *fill*         0x000000000800116e        0x2 
 .text.HAL_Init
                0x0000000008001170       0x2c ./Drivers/STM32F3xx_HAL_Driver/Src/stm32f3xx_hal.o
                0x0000000008001170                HAL_Init
 .text.HAL_IncTick
                0x000000000800119c       0x28 ./Drivers/STM32F3xx_HAL_Driver/Src/stm32f3xx_hal.o
                0x000000000800119c                HAL_IncTick
 .text.HAL_GetTick
                0x00000000080011c4       0x18 ./Drivers/STM32F3xx_HAL_Driver/Src/stm32f3xx_hal.o
                0x00000000080011c4                HAL_GetTick
 .text.HAL_Delay
                0x00000000080011dc       0x48 ./Drivers/STM32F3xx_HAL_Driver/Src/stm32f3xx_hal.o
                0x00000000080011dc                HAL_Delay
 .text.HAL_ADC_Init
                0x0000000008001224      0x30c ./Drivers/STM32F3xx_HAL_Driver/Src/stm32f3xx_hal_adc_ex.o
                0x0000000008001224                HAL_ADC_Init
 .text.HAL_ADC_Start
                0x0000000008001530       0xda ./Drivers/STM32F3xx_HAL_Driver/Src/stm32f3xx_hal_adc_ex.o
                0x0000000008001530                HAL_ADC_Start
 *fill*         0x000000000800160a        0x2 
 .text.HAL_ADC_ConfigChannel
                0x000000000800160c      0x56c ./Drivers/STM32F3xx_HAL_Driver/Src/stm32f3xx_hal_adc_ex.o
                0x000000000800160c                HAL_ADC_ConfigChannel
 .text.ADC_Enable
                0x0000000008001b78       0xc8 ./Drivers/STM32F3xx_HAL_Driver/Src/stm32f3xx_hal_adc_ex.o
 .text.ADC_Disable
                0x0000000008001c40       0xcc ./Drivers/STM32F3xx_HAL_Driver/Src/stm32f3xx_hal_adc_ex.o
 .text.__NVIC_SetPriorityGrouping
                0x0000000008001d0c       0x48 ./Drivers/STM32F3xx_HAL_Driver/Src/stm32f3xx_hal_cortex.o
 .text.__NVIC_GetPriorityGrouping
                0x0000000008001d54       0x1c ./Drivers/STM32F3xx_HAL_Driver/Src/stm32f3xx_hal_cortex.o
 .text.__NVIC_EnableIRQ
                0x0000000008001d70       0x3c ./Drivers/STM32F3xx_HAL_Driver/Src/stm32f3xx_hal_cortex.o
 .text.__NVIC_SetPriority
                0x0000000008001dac       0x54 ./Drivers/STM32F3xx_HAL_Driver/Src/stm32f3xx_hal_cortex.o
 .text.NVIC_EncodePriority
                0x0000000008001e00       0x66 ./Drivers/STM32F3xx_HAL_Driver/Src/stm32f3xx_hal_cortex.o
 .text.HAL_NVIC_SetPriorityGrouping
                0x0000000008001e66       0x16 ./Drivers/STM32F3xx_HAL_Driver/Src/stm32f3xx_hal_cortex.o
                0x0000000008001e66                HAL_NVIC_SetPriorityGrouping
 .text.HAL_NVIC_SetPriority
                0x0000000008001e7c       0x38 ./Drivers/STM32F3xx_HAL_Driver/Src/stm32f3xx_hal_cortex.o
                0x0000000008001e7c                HAL_NVIC_SetPriority
 .text.HAL_NVIC_EnableIRQ
                0x0000000008001eb4       0x1c ./Drivers/STM32F3xx_HAL_Driver/Src/stm32f3xx_hal_cortex.o
                0x0000000008001eb4                HAL_NVIC_EnableIRQ
 .text.HAL_DAC_Init
                0x0000000008001ed0       0x44 ./Drivers/STM32F3xx_HAL_Driver/Src/stm32f3xx_hal_dac.o
                0x0000000008001ed0                HAL_DAC_Init
 .text.HAL_DAC_Stop
                0x0000000008001f14       0x36 ./Drivers/STM32F3xx_HAL_Driver/Src/stm32f3xx_hal_dac.o
                0x0000000008001f14                HAL_DAC_Stop
 .text.HAL_DAC_DMAUnderrunCallbackCh1
                0x0000000008001f4a       0x14 ./Drivers/STM32F3xx_HAL_Driver/Src/stm32f3xx_hal_dac.o
                0x0000000008001f4a                HAL_DAC_DMAUnderrunCallbackCh1
 .text.HAL_DAC_IRQHandler
                0x0000000008001f5e       0x62 ./Drivers/STM32F3xx_HAL_Driver/Src/stm32f3xx_hal_dac_ex.o
                0x0000000008001f5e                HAL_DAC_IRQHandler
 .text.HAL_DAC_ConfigChannel
                0x0000000008001fc0       0x9a ./Drivers/STM32F3xx_HAL_Driver/Src/stm32f3xx_hal_dac_ex.o
                0x0000000008001fc0                HAL_DAC_ConfigChannel
 .text.HAL_DMA_Init
                0x000000000800205a       0x8e ./Drivers/STM32F3xx_HAL_Driver/Src/stm32f3xx_hal_dma.o
                0x000000000800205a                HAL_DMA_Init
 .text.HAL_DMA_IRQHandler
                0x00000000080020e8      0x146 ./Drivers/STM32F3xx_HAL_Driver/Src/stm32f3xx_hal_dma.o
                0x00000000080020e8                HAL_DMA_IRQHandler
 *fill*         0x000000000800222e        0x2 
 .text.DMA_CalcBaseAndBitshift
                0x0000000008002230       0x40 ./Drivers/STM32F3xx_HAL_Driver/Src/stm32f3xx_hal_dma.o
 .text.HAL_GPIO_Init
                0x0000000008002270      0x2e4 ./Drivers/STM32F3xx_HAL_Driver/Src/stm32f3xx_hal_gpio.o
                0x0000000008002270                HAL_GPIO_Init
 .text.HAL_GPIO_ReadPin
                0x0000000008002554       0x30 ./Drivers/STM32F3xx_HAL_Driver/Src/stm32f3xx_hal_gpio.o
                0x0000000008002554                HAL_GPIO_ReadPin
 .text.HAL_GPIO_WritePin
                0x0000000008002584       0x30 ./Drivers/STM32F3xx_HAL_Driver/Src/stm32f3xx_hal_gpio.o
                0x0000000008002584                HAL_GPIO_WritePin
 .text.HAL_RCC_OscConfig
                0x00000000080025b4     0x107c ./Drivers/STM32F3xx_HAL_Driver/Src/stm32f3xx_hal_rcc.o
                0x00000000080025b4                HAL_RCC_OscConfig
 .text.HAL_RCC_ClockConfig
                0x0000000008003630      0x2f8 ./Drivers/STM32F3xx_HAL_Driver/Src/stm32f3xx_hal_rcc.o
                0x0000000008003630                HAL_RCC_ClockConfig
 .text.HAL_RCC_GetSysClockFreq
                0x0000000008003928       0xd4 ./Drivers/STM32F3xx_HAL_Driver/Src/stm32f3xx_hal_rcc.o
                0x0000000008003928                HAL_RCC_GetSysClockFreq
 .text.HAL_RCC_GetHCLKFreq
                0x00000000080039fc       0x18 ./Drivers/STM32F3xx_HAL_Driver/Src/stm32f3xx_hal_rcc.o
                0x00000000080039fc                HAL_RCC_GetHCLKFreq
 .text.HAL_RCC_GetPCLK1Freq
                0x0000000008003a14       0x44 ./Drivers/STM32F3xx_HAL_Driver/Src/stm32f3xx_hal_rcc.o
                0x0000000008003a14                HAL_RCC_GetPCLK1Freq
 .text.HAL_RCC_GetPCLK2Freq
                0x0000000008003a58       0x44 ./Drivers/STM32F3xx_HAL_Driver/Src/stm32f3xx_hal_rcc.o
                0x0000000008003a58                HAL_RCC_GetPCLK2Freq
 .text.HAL_RCC_GetClockConfig
                0x0000000008003a9c       0x64 ./Drivers/STM32F3xx_HAL_Driver/Src/stm32f3xx_hal_rcc.o
                0x0000000008003a9c                HAL_RCC_GetClockConfig
 .text.HAL_RCCEx_PeriphCLKConfig
                0x0000000008003b00      0x324 ./Drivers/STM32F3xx_HAL_Driver/Src/stm32f3xx_hal_rcc_ex.o
                0x0000000008003b00                HAL_RCCEx_PeriphCLKConfig
 .text.HAL_TIM_Base_Init
                0x0000000008003e24       0xae ./Drivers/STM32F3xx_HAL_Driver/Src/stm32f3xx_hal_tim.o
                0x0000000008003e24                HAL_TIM_Base_Init
 *fill*         0x0000000008003ed2        0x2 
 .text.HAL_TIM_Base_Start
                0x0000000008003ed4       0x98 ./Drivers/STM32F3xx_HAL_Driver/Src/stm32f3xx_hal_tim.o
                0x0000000008003ed4                HAL_TIM_Base_Start
 .text.HAL_TIM_Base_Start_IT
                0x0000000008003f6c       0xa8 ./Drivers/STM32F3xx_HAL_Driver/Src/stm32f3xx_hal_tim.o
                0x0000000008003f6c                HAL_TIM_Base_Start_IT
 .text.HAL_TIM_IRQHandler
                0x0000000008004014      0x23e ./Drivers/STM32F3xx_HAL_Driver/Src/stm32f3xx_hal_tim.o
                0x0000000008004014                HAL_TIM_IRQHandler
 .text.HAL_TIM_ConfigClockSource
                0x0000000008004252      0x192 ./Drivers/STM32F3xx_HAL_Driver/Src/stm32f3xx_hal_tim.o
                0x0000000008004252                HAL_TIM_ConfigClockSource
 .text.HAL_TIM_OC_DelayElapsedCallback
                0x00000000080043e4       0x14 ./Drivers/STM32F3xx_HAL_Driver/Src/stm32f3xx_hal_tim.o
                0x00000000080043e4                HAL_TIM_OC_DelayElapsedCallback
 .text.HAL_TIM_IC_CaptureCallback
                0x00000000080043f8       0x14 ./Drivers/STM32F3xx_HAL_Driver/Src/stm32f3xx_hal_tim.o
                0x00000000080043f8                HAL_TIM_IC_CaptureCallback
 .text.HAL_TIM_PWM_PulseFinishedCallback
                0x000000000800440c       0x14 ./Drivers/STM32F3xx_HAL_Driver/Src/stm32f3xx_hal_tim.o
                0x000000000800440c                HAL_TIM_PWM_PulseFinishedCallback
 .text.HAL_TIM_TriggerCallback
                0x0000000008004420       0x14 ./Drivers/STM32F3xx_HAL_Driver/Src/stm32f3xx_hal_tim.o
                0x0000000008004420                HAL_TIM_TriggerCallback
 .text.TIM_Base_SetConfig
                0x0000000008004434       0xdc ./Drivers/STM32F3xx_HAL_Driver/Src/stm32f3xx_hal_tim.o
                0x0000000008004434                TIM_Base_SetConfig
 .text.TIM_TI1_ConfigInputStage
                0x0000000008004510       0x5e ./Drivers/STM32F3xx_HAL_Driver/Src/stm32f3xx_hal_tim.o
 .text.TIM_TI2_ConfigInputStage
                0x000000000800456e       0x60 ./Drivers/STM32F3xx_HAL_Driver/Src/stm32f3xx_hal_tim.o
 .text.TIM_ITRx_SetConfig
                0x00000000080045ce       0x36 ./Drivers/STM32F3xx_HAL_Driver/Src/stm32f3xx_hal_tim.o
 .text.TIM_ETR_SetConfig
                0x0000000008004604       0x40 ./Drivers/STM32F3xx_HAL_Driver/Src/stm32f3xx_hal_tim.o
                0x0000000008004604                TIM_ETR_SetConfig
 .text.HAL_TIMEx_MasterConfigSynchronization
                0x0000000008004644       0xcc ./Drivers/STM32F3xx_HAL_Driver/Src/stm32f3xx_hal_tim_ex.o
                0x0000000008004644                HAL_TIMEx_MasterConfigSynchronization
 .text.HAL_TIMEx_CommutCallback
                0x0000000008004710       0x14 ./Drivers/STM32F3xx_HAL_Driver/Src/stm32f3xx_hal_tim_ex.o
                0x0000000008004710                HAL_TIMEx_CommutCallback
 .text.HAL_TIMEx_BreakCallback
                0x0000000008004724       0x14 ./Drivers/STM32F3xx_HAL_Driver/Src/stm32f3xx_hal_tim_ex.o
                0x0000000008004724                HAL_TIMEx_BreakCallback
 .text.HAL_TIMEx_Break2Callback
                0x0000000008004738       0x14 ./Drivers/STM32F3xx_HAL_Driver/Src/stm32f3xx_hal_tim_ex.o
                0x0000000008004738                HAL_TIMEx_Break2Callback
 .text.HAL_UART_Init
                0x000000000800474c       0x9c ./Drivers/STM32F3xx_HAL_Driver/Src/stm32f3xx_hal_uart.o
                0x000000000800474c                HAL_UART_Init
 .text.HAL_UART_Transmit
                0x00000000080047e8      0x114 ./Drivers/STM32F3xx_HAL_Driver/Src/stm32f3xx_hal_uart.o
                0x00000000080047e8                HAL_UART_Transmit
 .text.UART_SetConfig
                0x00000000080048fc      0x26c ./Drivers/STM32F3xx_HAL_Driver/Src/stm32f3xx_hal_uart.o
                0x00000000080048fc                UART_SetConfig
 .text.UART_AdvFeatureConfig
                0x0000000008004b68      0x144 ./Drivers/STM32F3xx_HAL_Driver/Src/stm32f3xx_hal_uart.o
                0x0000000008004b68                UART_AdvFeatureConfig
 .text.UART_CheckIdleState
                0x0000000008004cac      0x150 ./Drivers/STM32F3xx_HAL_Driver/Src/stm32f3xx_hal_uart.o
                0x0000000008004cac                UART_CheckIdleState
 .text.UART_WaitOnFlagUntilTimeout
                0x0000000008004dfc       0xce ./Drivers/STM32F3xx_HAL_Driver/Src/stm32f3xx_hal_uart.o
                0x0000000008004dfc                UART_WaitOnFlagUntilTimeout
 .text.UART_EndRxTransfer
                0x0000000008004eca       0xc8 ./Drivers/STM32F3xx_HAL_Driver/Src/stm32f3xx_hal_uart.o
 .text.makeFreeRtosPriority
                0x0000000008004f92       0x30 ./Middlewares/Third_Party/FreeRTOS/Source/CMSIS_RTOS/cmsis_os.o
 .text.osKernelStart
                0x0000000008004fc2        0xe ./Middlewares/Third_Party/FreeRTOS/Source/CMSIS_RTOS/cmsis_os.o
                0x0000000008004fc2                osKernelStart
 .text.osThreadCreate
                0x0000000008004fd0       0x98 ./Middlewares/Third_Party/FreeRTOS/Source/CMSIS_RTOS/cmsis_os.o
                0x0000000008004fd0                osThreadCreate
 .text.osDelay  0x0000000008005068       0x28 ./Middlewares/Third_Party/FreeRTOS/Source/CMSIS_RTOS/cmsis_os.o
                0x0000000008005068                osDelay
 .text.vListInitialise
                0x0000000008005090       0x40 ./Middlewares/Third_Party/FreeRTOS/Source/list.o
                0x0000000008005090                vListInitialise
 .text.vListInitialiseItem
                0x00000000080050d0       0x1a ./Middlewares/Third_Party/FreeRTOS/Source/list.o
                0x00000000080050d0                vListInitialiseItem
 .text.vListInsertEnd
                0x00000000080050ea       0x48 ./Middlewares/Third_Party/FreeRTOS/Source/list.o
                0x00000000080050ea                vListInsertEnd
 .text.vListInsert
                0x0000000008005132       0x72 ./Middlewares/Third_Party/FreeRTOS/Source/list.o
                0x0000000008005132                vListInsert
 .text.uxListRemove
                0x00000000080051a4       0x54 ./Middlewares/Third_Party/FreeRTOS/Source/list.o
                0x00000000080051a4                uxListRemove
 .text.xTaskCreateStatic
                0x00000000080051f8       0xb8 ./Middlewares/Third_Party/FreeRTOS/Source/tasks.o
                0x00000000080051f8                xTaskCreateStatic
 .text.xTaskCreate
                0x00000000080052b0       0x8a ./Middlewares/Third_Party/FreeRTOS/Source/tasks.o
                0x00000000080052b0                xTaskCreate
 *fill*         0x000000000800533a        0x2 
 .text.prvInitialiseNewTask
                0x000000000800533c      0x12c ./Middlewares/Third_Party/FreeRTOS/Source/tasks.o
 .text.prvAddNewTaskToReadyList
                0x0000000008005468       0xd4 ./Middlewares/Third_Party/FreeRTOS/Source/tasks.o
 .text.vTaskDelay
                0x000000000800553c       0x68 ./Middlewares/Third_Party/FreeRTOS/Source/tasks.o
                0x000000000800553c                vTaskDelay
 .text.vTaskStartScheduler
                0x00000000080055a4       0xd4 ./Middlewares/Third_Party/FreeRTOS/Source/tasks.o
                0x00000000080055a4                vTaskStartScheduler
 .text.vTaskSuspendAll
                0x0000000008005678       0x1c ./Middlewares/Third_Party/FreeRTOS/Source/tasks.o
                0x0000000008005678                vTaskSuspendAll
 .text.xTaskResumeAll
                0x0000000008005694      0x138 ./Middlewares/Third_Party/FreeRTOS/Source/tasks.o
                0x0000000008005694                xTaskResumeAll
 .text.xTaskIncrementTick
                0x00000000080057cc      0x17c ./Middlewares/Third_Party/FreeRTOS/Source/tasks.o
                0x00000000080057cc                xTaskIncrementTick
 .text.vTaskSwitchContext
                0x0000000008005948       0xc4 ./Middlewares/Third_Party/FreeRTOS/Source/tasks.o
                0x0000000008005948                vTaskSwitchContext
 .text.prvIdleTask
                0x0000000008005a0c       0x30 ./Middlewares/Third_Party/FreeRTOS/Source/tasks.o
 .text.prvInitialiseTaskLists
                0x0000000008005a3c       0x80 ./Middlewares/Third_Party/FreeRTOS/Source/tasks.o
 .text.prvCheckTasksWaitingTermination
                0x0000000008005abc       0x5c ./Middlewares/Third_Party/FreeRTOS/Source/tasks.o
 .text.prvDeleteTCB
                0x0000000008005b18       0x68 ./Middlewares/Third_Party/FreeRTOS/Source/tasks.o
 .text.prvResetNextTaskUnblockTime
                0x0000000008005b80       0x4c ./Middlewares/Third_Party/FreeRTOS/Source/tasks.o
 .text.prvAddCurrentTaskToDelayedList
                0x0000000008005bcc       0xcc ./Middlewares/Third_Party/FreeRTOS/Source/tasks.o
 .text.pxPortInitialiseStack
                0x0000000008005c98       0x68 ./Middlewares/Third_Party/FreeRTOS/Source/portable/GCC/ARM_CM4F/port.o
                0x0000000008005c98                pxPortInitialiseStack
 .text.prvTaskExitError
                0x0000000008005d00       0x58 ./Middlewares/Third_Party/FreeRTOS/Source/portable/GCC/ARM_CM4F/port.o
 *fill*         0x0000000008005d58        0x8 
 .text.SVC_Handler
                0x0000000008005d60       0x28 ./Middlewares/Third_Party/FreeRTOS/Source/portable/GCC/ARM_CM4F/port.o
                0x0000000008005d60                SVC_Handler
 .text.prvPortStartFirstTask
                0x0000000008005d88       0x28 ./Middlewares/Third_Party/FreeRTOS/Source/portable/GCC/ARM_CM4F/port.o
 .text.xPortStartScheduler
                0x0000000008005db0      0x144 ./Middlewares/Third_Party/FreeRTOS/Source/portable/GCC/ARM_CM4F/port.o
                0x0000000008005db0                xPortStartScheduler
 .text.vPortEnterCritical
                0x0000000008005ef4       0x60 ./Middlewares/Third_Party/FreeRTOS/Source/portable/GCC/ARM_CM4F/port.o
                0x0000000008005ef4                vPortEnterCritical
 .text.vPortExitCritical
                0x0000000008005f54       0x54 ./Middlewares/Third_Party/FreeRTOS/Source/portable/GCC/ARM_CM4F/port.o
                0x0000000008005f54                vPortExitCritical
 *fill*         0x0000000008005fa8        0x8 
 .text.PendSV_Handler
                0x0000000008005fb0       0x68 ./Middlewares/Third_Party/FreeRTOS/Source/portable/GCC/ARM_CM4F/port.o
                0x0000000008005fb0                PendSV_Handler
 .text.SysTick_Handler
                0x0000000008006018       0x44 ./Middlewares/Third_Party/FreeRTOS/Source/portable/GCC/ARM_CM4F/port.o
                0x0000000008006018                SysTick_Handler
 .text.vPortSetupTimerInterrupt
                0x000000000800605c       0x48 ./Middlewares/Third_Party/FreeRTOS/Source/portable/GCC/ARM_CM4F/port.o
                0x000000000800605c                vPortSetupTimerInterrupt
 .text.vPortEnableVFP
                0x00000000080060a4       0x14 ./Middlewares/Third_Party/FreeRTOS/Source/portable/GCC/ARM_CM4F/port.o
 .text.pvPortMalloc
                0x00000000080060b8      0x188 ./Middlewares/Third_Party/FreeRTOS/Source/portable/MemMang/heap_4.o
                0x00000000080060b8                pvPortMalloc
 .text.vPortFree
                0x0000000008006240       0xb4 ./Middlewares/Third_Party/FreeRTOS/Source/portable/MemMang/heap_4.o
                0x0000000008006240                vPortFree
 .text.prvHeapInit
                0x00000000080062f4       0xc4 ./Middlewares/Third_Party/FreeRTOS/Source/portable/MemMang/heap_4.o
 .text.prvInsertBlockIntoFreeList
                0x00000000080063b8       0xb4 ./Middlewares/Third_Party/FreeRTOS/Source/portable/MemMang/heap_4.o
 .text.__libc_init_array
                0x000000000800646c       0x48 c:/st/stm32cubeide_1.12.1/stm32cubeide/plugins/com.st.stm32cube.ide.mcu.externaltools.gnu-tools-for-stm32.10.3-2021.10.win32_1.0.200.202301161003/tools/bin/../lib/gcc/arm-none-eabi/10.3.1/../../../../arm-none-eabi/lib/thumb/v7e-m+fp/hard\libc_nano.a(lib_a-init.o)
                0x000000000800646c                __libc_init_array
 .text.__retarget_lock_acquire_recursive
                0x00000000080064b4        0x2 c:/st/stm32cubeide_1.12.1/stm32cubeide/plugins/com.st.stm32cube.ide.mcu.externaltools.gnu-tools-for-stm32.10.3-2021.10.win32_1.0.200.202301161003/tools/bin/../lib/gcc/arm-none-eabi/10.3.1/../../../../arm-none-eabi/lib/thumb/v7e-m+fp/hard\libc_nano.a(lib_a-lock.o)
                0x00000000080064b4                __retarget_lock_acquire_recursive
 .text.__retarget_lock_release_recursive
                0x00000000080064b6        0x2 c:/st/stm32cubeide_1.12.1/stm32cubeide/plugins/com.st.stm32cube.ide.mcu.externaltools.gnu-tools-for-stm32.10.3-2021.10.win32_1.0.200.202301161003/tools/bin/../lib/gcc/arm-none-eabi/10.3.1/../../../../arm-none-eabi/lib/thumb/v7e-m+fp/hard\libc_nano.a(lib_a-lock.o)
                0x00000000080064b6                __retarget_lock_release_recursive
 .text.memset   0x00000000080064b8       0x10 c:/st/stm32cubeide_1.12.1/stm32cubeide/plugins/com.st.stm32cube.ide.mcu.externaltools.gnu-tools-for-stm32.10.3-2021.10.win32_1.0.200.202301161003/tools/bin/../lib/gcc/arm-none-eabi/10.3.1/../../../../arm-none-eabi/lib/thumb/v7e-m+fp/hard\libc_nano.a(lib_a-memset.o)
                0x00000000080064b8                memset
 .text.cleanup_glue
                0x00000000080064c8       0x1a c:/st/stm32cubeide_1.12.1/stm32cubeide/plugins/com.st.stm32cube.ide.mcu.externaltools.gnu-tools-for-stm32.10.3-2021.10.win32_1.0.200.202301161003/tools/bin/../lib/gcc/arm-none-eabi/10.3.1/../../../../arm-none-eabi/lib/thumb/v7e-m+fp/hard\libc_nano.a(lib_a-reent.o)
                0x00000000080064c8                cleanup_glue
 *fill*         0x00000000080064e2        0x2 
 .text._reclaim_reent
                0x00000000080064e4       0xb8 c:/st/stm32cubeide_1.12.1/stm32cubeide/plugins/com.st.stm32cube.ide.mcu.externaltools.gnu-tools-for-stm32.10.3-2021.10.win32_1.0.200.202301161003/tools/bin/../lib/gcc/arm-none-eabi/10.3.1/../../../../arm-none-eabi/lib/thumb/v7e-m+fp/hard\libc_nano.a(lib_a-reent.o)
                0x00000000080064e4                _reclaim_reent
 .text.__malloc_lock
                0x000000000800659c        0xc c:/st/stm32cubeide_1.12.1/stm32cubeide/plugins/com.st.stm32cube.ide.mcu.externaltools.gnu-tools-for-stm32.10.3-2021.10.win32_1.0.200.202301161003/tools/bin/../lib/gcc/arm-none-eabi/10.3.1/../../../../arm-none-eabi/lib/thumb/v7e-m+fp/hard\libc_nano.a(lib_a-mlock.o)
                0x000000000800659c                __malloc_lock
 .text.__malloc_unlock
                0x00000000080065a8        0xc c:/st/stm32cubeide_1.12.1/stm32cubeide/plugins/com.st.stm32cube.ide.mcu.externaltools.gnu-tools-for-stm32.10.3-2021.10.win32_1.0.200.202301161003/tools/bin/../lib/gcc/arm-none-eabi/10.3.1/../../../../arm-none-eabi/lib/thumb/v7e-m+fp/hard\libc_nano.a(lib_a-mlock.o)
                0x00000000080065a8                __malloc_unlock
 .text._free_r  0x00000000080065b4       0x98 c:/st/stm32cubeide_1.12.1/stm32cubeide/plugins/com.st.stm32cube.ide.mcu.externaltools.gnu-tools-for-stm32.10.3-2021.10.win32_1.0.200.202301161003/tools/bin/../lib/gcc/arm-none-eabi/10.3.1/../../../../arm-none-eabi/lib/thumb/v7e-m+fp/hard\libc_nano.a(lib_a-nano-freer.o)
                0x00000000080065b4                _free_r
 *(.glue_7)
 .glue_7        0x000000000800664c        0x0 linker stubs
 *(.glue_7t)
 .glue_7t       0x000000000800664c        0x0 linker stubs
 *(.eh_frame)
 .eh_frame      0x000000000800664c        0x0 c:/st/stm32cubeide_1.12.1/stm32cubeide/plugins/com.st.stm32cube.ide.mcu.externaltools.gnu-tools-for-stm32.10.3-2021.10.win32_1.0.200.202301161003/tools/bin/../lib/gcc/arm-none-eabi/10.3.1/thumb/v7e-m+fp/hard/crtbegin.o
 *(.init)
 .init          0x000000000800664c        0x4 c:/st/stm32cubeide_1.12.1/stm32cubeide/plugins/com.st.stm32cube.ide.mcu.externaltools.gnu-tools-for-stm32.10.3-2021.10.win32_1.0.200.202301161003/tools/bin/../lib/gcc/arm-none-eabi/10.3.1/thumb/v7e-m+fp/hard/crti.o
                0x000000000800664c                _init
 .init          0x0000000008006650        0x8 c:/st/stm32cubeide_1.12.1/stm32cubeide/plugins/com.st.stm32cube.ide.mcu.externaltools.gnu-tools-for-stm32.10.3-2021.10.win32_1.0.200.202301161003/tools/bin/../lib/gcc/arm-none-eabi/10.3.1/thumb/v7e-m+fp/hard/crtn.o
 *(.fini)
 .fini          0x0000000008006658        0x4 c:/st/stm32cubeide_1.12.1/stm32cubeide/plugins/com.st.stm32cube.ide.mcu.externaltools.gnu-tools-for-stm32.10.3-2021.10.win32_1.0.200.202301161003/tools/bin/../lib/gcc/arm-none-eabi/10.3.1/thumb/v7e-m+fp/hard/crti.o
                0x0000000008006658                _fini
 .fini          0x000000000800665c        0x8 c:/st/stm32cubeide_1.12.1/stm32cubeide/plugins/com.st.stm32cube.ide.mcu.externaltools.gnu-tools-for-stm32.10.3-2021.10.win32_1.0.200.202301161003/tools/bin/../lib/gcc/arm-none-eabi/10.3.1/thumb/v7e-m+fp/hard/crtn.o
                0x0000000008006664                . = ALIGN (0x4)
                0x0000000008006664                _etext = .

.vfp11_veneer   0x0000000008006664        0x0
 .vfp11_veneer  0x0000000008006664        0x0 linker stubs

.v4_bx          0x0000000008006664        0x0
 .v4_bx         0x0000000008006664        0x0 linker stubs

.iplt           0x0000000008006664        0x0
 .iplt          0x0000000008006664        0x0 c:/st/stm32cubeide_1.12.1/stm32cubeide/plugins/com.st.stm32cube.ide.mcu.externaltools.gnu-tools-for-stm32.10.3-2021.10.win32_1.0.200.202301161003/tools/bin/../lib/gcc/arm-none-eabi/10.3.1/thumb/v7e-m+fp/hard/crtbegin.o

.rodata         0x0000000008006664       0xf4
                0x0000000008006664                . = ALIGN (0x4)
 *(.rodata)
 .rodata        0x0000000008006664       0x54 ./Core/Src/main.o
 .rodata        0x00000000080066b8        0x5 ./Middlewares/Third_Party/FreeRTOS/Source/tasks.o
 *(.rodata*)
 *fill*         0x00000000080066bd        0x3 
 .rodata.AHBPrescTable
                0x00000000080066c0       0x10 ./Core/Src/system_stm32f3xx.o
                0x00000000080066c0                AHBPrescTable
 .rodata.APBPrescTable
                0x00000000080066d0        0x8 ./Core/Src/system_stm32f3xx.o
                0x00000000080066d0                APBPrescTable
 .rodata.aPLLMULFactorTable
                0x00000000080066d8       0x10 ./Drivers/STM32F3xx_HAL_Driver/Src/stm32f3xx_hal_rcc.o
 .rodata.aPredivFactorTable
                0x00000000080066e8       0x10 ./Drivers/STM32F3xx_HAL_Driver/Src/stm32f3xx_hal_rcc.o
 .rodata.__sf_fake_stderr
                0x00000000080066f8       0x20 c:/st/stm32cubeide_1.12.1/stm32cubeide/plugins/com.st.stm32cube.ide.mcu.externaltools.gnu-tools-for-stm32.10.3-2021.10.win32_1.0.200.202301161003/tools/bin/../lib/gcc/arm-none-eabi/10.3.1/../../../../arm-none-eabi/lib/thumb/v7e-m+fp/hard\libc_nano.a(lib_a-findfp.o)
                0x00000000080066f8                __sf_fake_stderr
 .rodata.__sf_fake_stdin
                0x0000000008006718       0x20 c:/st/stm32cubeide_1.12.1/stm32cubeide/plugins/com.st.stm32cube.ide.mcu.externaltools.gnu-tools-for-stm32.10.3-2021.10.win32_1.0.200.202301161003/tools/bin/../lib/gcc/arm-none-eabi/10.3.1/../../../../arm-none-eabi/lib/thumb/v7e-m+fp/hard\libc_nano.a(lib_a-findfp.o)
                0x0000000008006718                __sf_fake_stdin
 .rodata.__sf_fake_stdout
                0x0000000008006738       0x20 c:/st/stm32cubeide_1.12.1/stm32cubeide/plugins/com.st.stm32cube.ide.mcu.externaltools.gnu-tools-for-stm32.10.3-2021.10.win32_1.0.200.202301161003/tools/bin/../lib/gcc/arm-none-eabi/10.3.1/../../../../arm-none-eabi/lib/thumb/v7e-m+fp/hard\libc_nano.a(lib_a-findfp.o)
                0x0000000008006738                __sf_fake_stdout
                0x0000000008006758                . = ALIGN (0x4)

.rel.dyn        0x0000000008006758        0x0
 .rel.iplt      0x0000000008006758        0x0 c:/st/stm32cubeide_1.12.1/stm32cubeide/plugins/com.st.stm32cube.ide.mcu.externaltools.gnu-tools-for-stm32.10.3-2021.10.win32_1.0.200.202301161003/tools/bin/../lib/gcc/arm-none-eabi/10.3.1/thumb/v7e-m+fp/hard/crtbegin.o

.ARM.extab      0x0000000008006758        0x0
                0x0000000008006758                . = ALIGN (0x4)
 *(.ARM.extab* .gnu.linkonce.armextab.*)
                0x0000000008006758                . = ALIGN (0x4)

.ARM            0x0000000008006758        0x0
                0x0000000008006758                . = ALIGN (0x4)
                0x0000000008006758                __exidx_start = .
 *(.ARM.exidx*)
                0x0000000008006758                __exidx_end = .
                0x0000000008006758                . = ALIGN (0x4)

.preinit_array  0x0000000008006758        0x0
                0x0000000008006758                . = ALIGN (0x4)
                0x0000000008006758                PROVIDE (__preinit_array_start = .)
 *(.preinit_array*)
                0x0000000008006758                PROVIDE (__preinit_array_end = .)
                0x0000000008006758                . = ALIGN (0x4)

.init_array     0x0000000008006758        0x4
                0x0000000008006758                . = ALIGN (0x4)
                0x0000000008006758                PROVIDE (__init_array_start = .)
 *(SORT_BY_NAME(.init_array.*))
 *(.init_array*)
 .init_array    0x0000000008006758        0x4 c:/st/stm32cubeide_1.12.1/stm32cubeide/plugins/com.st.stm32cube.ide.mcu.externaltools.gnu-tools-for-stm32.10.3-2021.10.win32_1.0.200.202301161003/tools/bin/../lib/gcc/arm-none-eabi/10.3.1/thumb/v7e-m+fp/hard/crtbegin.o
                0x000000000800675c                PROVIDE (__init_array_end = .)
                0x000000000800675c                . = ALIGN (0x4)

.fini_array     0x000000000800675c        0x4
                0x000000000800675c                . = ALIGN (0x4)
                [!provide]                        PROVIDE (__fini_array_start = .)
 *(SORT_BY_NAME(.fini_array.*))
 *(.fini_array*)
 .fini_array    0x000000000800675c        0x4 c:/st/stm32cubeide_1.12.1/stm32cubeide/plugins/com.st.stm32cube.ide.mcu.externaltools.gnu-tools-for-stm32.10.3-2021.10.win32_1.0.200.202301161003/tools/bin/../lib/gcc/arm-none-eabi/10.3.1/thumb/v7e-m+fp/hard/crtbegin.o
                [!provide]                        PROVIDE (__fini_array_end = .)
                0x0000000008006760                . = ALIGN (0x4)
                0x0000000008006760                _sidata = LOADADDR (.data)

.data           0x0000000020000000       0x74 load address 0x0000000008006760
                0x0000000020000000                . = ALIGN (0x4)
                0x0000000020000000                _sdata = .
 *(.data)
 *(.data*)
 .data.SystemCoreClock
                0x0000000020000000        0x4 ./Core/Src/system_stm32f3xx.o
                0x0000000020000000                SystemCoreClock
 .data.uwTickPrio
                0x0000000020000004        0x4 ./Drivers/STM32F3xx_HAL_Driver/Src/stm32f3xx_hal.o
                0x0000000020000004                uwTickPrio
 .data.uwTickFreq
                0x0000000020000008        0x1 ./Drivers/STM32F3xx_HAL_Driver/Src/stm32f3xx_hal.o
                0x0000000020000008                uwTickFreq
 *fill*         0x0000000020000009        0x3 
 .data.uxCriticalNesting
                0x000000002000000c        0x4 ./Middlewares/Third_Party/FreeRTOS/Source/portable/GCC/ARM_CM4F/port.o
 .data._impure_ptr
                0x0000000020000010        0x4 c:/st/stm32cubeide_1.12.1/stm32cubeide/plugins/com.st.stm32cube.ide.mcu.externaltools.gnu-tools-for-stm32.10.3-2021.10.win32_1.0.200.202301161003/tools/bin/../lib/gcc/arm-none-eabi/10.3.1/../../../../arm-none-eabi/lib/thumb/v7e-m+fp/hard\libc_nano.a(lib_a-impure.o)
                0x0000000020000010                _impure_ptr
 .data.impure_data
                0x0000000020000014       0x60 c:/st/stm32cubeide_1.12.1/stm32cubeide/plugins/com.st.stm32cube.ide.mcu.externaltools.gnu-tools-for-stm32.10.3-2021.10.win32_1.0.200.202301161003/tools/bin/../lib/gcc/arm-none-eabi/10.3.1/../../../../arm-none-eabi/lib/thumb/v7e-m+fp/hard\libc_nano.a(lib_a-impure.o)
 *(.RamFunc)
 *(.RamFunc*)
                0x0000000020000074                . = ALIGN (0x4)
                0x0000000020000074                _edata = .

.igot.plt       0x0000000020000074        0x0 load address 0x00000000080067d4
 .igot.plt      0x0000000020000074        0x0 c:/st/stm32cubeide_1.12.1/stm32cubeide/plugins/com.st.stm32cube.ide.mcu.externaltools.gnu-tools-for-stm32.10.3-2021.10.win32_1.0.200.202301161003/tools/bin/../lib/gcc/arm-none-eabi/10.3.1/thumb/v7e-m+fp/hard/crtbegin.o
                0x0000000020000074                . = ALIGN (0x4)

.bss            0x0000000020000074     0x1324 load address 0x00000000080067d4
                0x0000000020000074                _sbss = .
                0x0000000020000074                __bss_start__ = _sbss
 *(.bss)
 .bss           0x0000000020000074       0x1c c:/st/stm32cubeide_1.12.1/stm32cubeide/plugins/com.st.stm32cube.ide.mcu.externaltools.gnu-tools-for-stm32.10.3-2021.10.win32_1.0.200.202301161003/tools/bin/../lib/gcc/arm-none-eabi/10.3.1/thumb/v7e-m+fp/hard/crtbegin.o
 *(.bss*)
 .bss.xIdleTaskTCBBuffer
                0x0000000020000090       0xb4 ./Core/Src/freertos.o
 .bss.xIdleStack
                0x0000000020000144      0x200 ./Core/Src/freertos.o
 .bss.hadc1     0x0000000020000344       0x50 ./Core/Src/main.o
                0x0000000020000344                hadc1
 .bss.hdma_adc1
                0x0000000020000394       0x44 ./Core/Src/main.o
                0x0000000020000394                hdma_adc1
 .bss.hdac      0x00000000200003d8       0x14 ./Core/Src/main.o
                0x00000000200003d8                hdac
 .bss.hdma_dac_ch1
                0x00000000200003ec       0x44 ./Core/Src/main.o
                0x00000000200003ec                hdma_dac_ch1
 .bss.htim1     0x0000000020000430       0x4c ./Core/Src/main.o
                0x0000000020000430                htim1
 .bss.htim2     0x000000002000047c       0x4c ./Core/Src/main.o
                0x000000002000047c                htim2
 .bss.htim15    0x00000000200004c8       0x4c ./Core/Src/main.o
                0x00000000200004c8                htim15
 .bss.hdma_tim1_up
                0x0000000020000514       0x44 ./Core/Src/main.o
                0x0000000020000514                hdma_tim1_up
 .bss.huart1    0x0000000020000558       0x88 ./Core/Src/main.o
                0x0000000020000558                huart1
 .bss.SensorHumedadHandle
                0x00000000200005e0        0x4 ./Core/Src/main.o
                0x00000000200005e0                SensorHumedadHandle
 .bss.SensorDHT11Handle
                0x00000000200005e4        0x4 ./Core/Src/main.o
                0x00000000200005e4                SensorDHT11Handle
 .bss.Rh_byte1  0x00000000200005e8        0x1 ./Core/Src/main.o
                0x00000000200005e8                Rh_byte1
 .bss.Rh_byte2  0x00000000200005e9        0x1 ./Core/Src/main.o
                0x00000000200005e9                Rh_byte2
 .bss.Temp_byte1
                0x00000000200005ea        0x1 ./Core/Src/main.o
                0x00000000200005ea                Temp_byte1
 .bss.Temp_byte2
                0x00000000200005eb        0x1 ./Core/Src/main.o
                0x00000000200005eb                Temp_byte2
 .bss.SUM       0x00000000200005ec        0x2 ./Core/Src/main.o
                0x00000000200005ec                SUM
 .bss.RH        0x00000000200005ee        0x2 ./Core/Src/main.o
                0x00000000200005ee                RH
 .bss.TEMP      0x00000000200005f0        0x2 ./Core/Src/main.o
                0x00000000200005f0                TEMP
 .bss.Presence  0x00000000200005f2        0x1 ./Core/Src/main.o
                0x00000000200005f2                Presence
 *fill*         0x00000000200005f3        0x1 
 .bss.htim6     0x00000000200005f4       0x4c ./Core/Src/stm32f3xx_hal_timebase_tim.o
                0x00000000200005f4                htim6
 .bss.uwTick    0x0000000020000640        0x4 ./Drivers/STM32F3xx_HAL_Driver/Src/stm32f3xx_hal.o
                0x0000000020000640                uwTick
 .bss.pxCurrentTCB
                0x0000000020000644        0x4 ./Middlewares/Third_Party/FreeRTOS/Source/tasks.o
                0x0000000020000644                pxCurrentTCB
 .bss.pxReadyTasksLists
                0x0000000020000648       0x8c ./Middlewares/Third_Party/FreeRTOS/Source/tasks.o
 .bss.xDelayedTaskList1
                0x00000000200006d4       0x14 ./Middlewares/Third_Party/FreeRTOS/Source/tasks.o
 .bss.xDelayedTaskList2
                0x00000000200006e8       0x14 ./Middlewares/Third_Party/FreeRTOS/Source/tasks.o
 .bss.pxDelayedTaskList
                0x00000000200006fc        0x4 ./Middlewares/Third_Party/FreeRTOS/Source/tasks.o
 .bss.pxOverflowDelayedTaskList
                0x0000000020000700        0x4 ./Middlewares/Third_Party/FreeRTOS/Source/tasks.o
 .bss.xPendingReadyList
                0x0000000020000704       0x14 ./Middlewares/Third_Party/FreeRTOS/Source/tasks.o
 .bss.xTasksWaitingTermination
                0x0000000020000718       0x14 ./Middlewares/Third_Party/FreeRTOS/Source/tasks.o
 .bss.uxDeletedTasksWaitingCleanUp
                0x000000002000072c        0x4 ./Middlewares/Third_Party/FreeRTOS/Source/tasks.o
 .bss.xSuspendedTaskList
                0x0000000020000730       0x14 ./Middlewares/Third_Party/FreeRTOS/Source/tasks.o
 .bss.uxCurrentNumberOfTasks
                0x0000000020000744        0x4 ./Middlewares/Third_Party/FreeRTOS/Source/tasks.o
 .bss.xTickCount
                0x0000000020000748        0x4 ./Middlewares/Third_Party/FreeRTOS/Source/tasks.o
 .bss.uxTopReadyPriority
                0x000000002000074c        0x4 ./Middlewares/Third_Party/FreeRTOS/Source/tasks.o
 .bss.xSchedulerRunning
                0x0000000020000750        0x4 ./Middlewares/Third_Party/FreeRTOS/Source/tasks.o
 .bss.uxPendedTicks
                0x0000000020000754        0x4 ./Middlewares/Third_Party/FreeRTOS/Source/tasks.o
 .bss.xYieldPending
                0x0000000020000758        0x4 ./Middlewares/Third_Party/FreeRTOS/Source/tasks.o
 .bss.xNumOfOverflows
                0x000000002000075c        0x4 ./Middlewares/Third_Party/FreeRTOS/Source/tasks.o
 .bss.uxTaskNumber
                0x0000000020000760        0x4 ./Middlewares/Third_Party/FreeRTOS/Source/tasks.o
 .bss.xNextTaskUnblockTime
                0x0000000020000764        0x4 ./Middlewares/Third_Party/FreeRTOS/Source/tasks.o
 .bss.xIdleTaskHandle
                0x0000000020000768        0x4 ./Middlewares/Third_Party/FreeRTOS/Source/tasks.o
 .bss.uxSchedulerSuspended
                0x000000002000076c        0x4 ./Middlewares/Third_Party/FreeRTOS/Source/tasks.o
 .bss.ucMaxSysCallPriority
                0x0000000020000770        0x1 ./Middlewares/Third_Party/FreeRTOS/Source/portable/GCC/ARM_CM4F/port.o
 *fill*         0x0000000020000771        0x3 
 .bss.ulMaxPRIGROUPValue
                0x0000000020000774        0x4 ./Middlewares/Third_Party/FreeRTOS/Source/portable/GCC/ARM_CM4F/port.o
 .bss.ucHeap    0x0000000020000778      0xc00 ./Middlewares/Third_Party/FreeRTOS/Source/portable/MemMang/heap_4.o
 .bss.xStart    0x0000000020001378        0x8 ./Middlewares/Third_Party/FreeRTOS/Source/portable/MemMang/heap_4.o
 .bss.pxEnd     0x0000000020001380        0x4 ./Middlewares/Third_Party/FreeRTOS/Source/portable/MemMang/heap_4.o
 .bss.xFreeBytesRemaining
                0x0000000020001384        0x4 ./Middlewares/Third_Party/FreeRTOS/Source/portable/MemMang/heap_4.o
 .bss.xMinimumEverFreeBytesRemaining
                0x0000000020001388        0x4 ./Middlewares/Third_Party/FreeRTOS/Source/portable/MemMang/heap_4.o
 .bss.xBlockAllocatedBit
                0x000000002000138c        0x4 ./Middlewares/Third_Party/FreeRTOS/Source/portable/MemMang/heap_4.o
 .bss.__lock___malloc_recursive_mutex
                0x0000000020001390        0x1 c:/st/stm32cubeide_1.12.1/stm32cubeide/plugins/com.st.stm32cube.ide.mcu.externaltools.gnu-tools-for-stm32.10.3-2021.10.win32_1.0.200.202301161003/tools/bin/../lib/gcc/arm-none-eabi/10.3.1/../../../../arm-none-eabi/lib/thumb/v7e-m+fp/hard\libc_nano.a(lib_a-lock.o)
                0x0000000020001390                __lock___malloc_recursive_mutex
 *fill*         0x0000000020001391        0x3 
 .bss.__malloc_free_list
                0x0000000020001394        0x4 c:/st/stm32cubeide_1.12.1/stm32cubeide/plugins/com.st.stm32cube.ide.mcu.externaltools.gnu-tools-for-stm32.10.3-2021.10.win32_1.0.200.202301161003/tools/bin/../lib/gcc/arm-none-eabi/10.3.1/../../../../arm-none-eabi/lib/thumb/v7e-m+fp/hard\libc_nano.a(lib_a-nano-mallocr.o)
                0x0000000020001394                __malloc_free_list
 *(COMMON)
                0x0000000020001398                . = ALIGN (0x4)
                0x0000000020001398                _ebss = .
                0x0000000020001398                __bss_end__ = _ebss

._user_heap_stack
                0x0000000020001398      0x600 load address 0x00000000080067d4
                0x0000000020001398                . = ALIGN (0x8)
                [!provide]                        PROVIDE (end = .)
                0x0000000020001398                PROVIDE (_end = .)
                0x0000000020001598                . = (. + _Min_Heap_Size)
 *fill*         0x0000000020001398      0x200 
                0x0000000020001998                . = (. + _Min_Stack_Size)
 *fill*         0x0000000020001598      0x400 
                0x0000000020001998                . = ALIGN (0x8)

/DISCARD/
 libc.a(*)
 libm.a(*)
 libgcc.a(*)

.ARM.attributes
                0x0000000000000000       0x30
 *(.ARM.attributes)
 .ARM.attributes
                0x0000000000000000       0x1e c:/st/stm32cubeide_1.12.1/stm32cubeide/plugins/com.st.stm32cube.ide.mcu.externaltools.gnu-tools-for-stm32.10.3-2021.10.win32_1.0.200.202301161003/tools/bin/../lib/gcc/arm-none-eabi/10.3.1/thumb/v7e-m+fp/hard/crti.o
 .ARM.attributes
                0x000000000000001e       0x34 c:/st/stm32cubeide_1.12.1/stm32cubeide/plugins/com.st.stm32cube.ide.mcu.externaltools.gnu-tools-for-stm32.10.3-2021.10.win32_1.0.200.202301161003/tools/bin/../lib/gcc/arm-none-eabi/10.3.1/thumb/v7e-m+fp/hard/crtbegin.o
 .ARM.attributes
                0x0000000000000052       0x34 ./Core/Src/DFPLAYER_MINI.o
 .ARM.attributes
                0x0000000000000086       0x34 ./Core/Src/freertos.o
 .ARM.attributes
                0x00000000000000ba       0x34 ./Core/Src/main.o
 .ARM.attributes
                0x00000000000000ee       0x34 ./Core/Src/stm32f3xx_hal_msp.o
 .ARM.attributes
                0x0000000000000122       0x34 ./Core/Src/stm32f3xx_hal_timebase_tim.o
 .ARM.attributes
                0x0000000000000156       0x34 ./Core/Src/stm32f3xx_it.o
 .ARM.attributes
                0x000000000000018a       0x34 ./Core/Src/system_stm32f3xx.o
 .ARM.attributes
                0x00000000000001be       0x21 ./Core/Startup/startup_stm32f302r8tx.o
 .ARM.attributes
                0x00000000000001df       0x34 ./Drivers/STM32F3xx_HAL_Driver/Src/stm32f3xx_hal.o
 .ARM.attributes
                0x0000000000000213       0x34 ./Drivers/STM32F3xx_HAL_Driver/Src/stm32f3xx_hal_adc_ex.o
 .ARM.attributes
                0x0000000000000247       0x34 ./Drivers/STM32F3xx_HAL_Driver/Src/stm32f3xx_hal_cortex.o
 .ARM.attributes
                0x000000000000027b       0x34 ./Drivers/STM32F3xx_HAL_Driver/Src/stm32f3xx_hal_dac.o
 .ARM.attributes
                0x00000000000002af       0x34 ./Drivers/STM32F3xx_HAL_Driver/Src/stm32f3xx_hal_dac_ex.o
 .ARM.attributes
                0x00000000000002e3       0x34 ./Drivers/STM32F3xx_HAL_Driver/Src/stm32f3xx_hal_dma.o
 .ARM.attributes
                0x0000000000000317       0x34 ./Drivers/STM32F3xx_HAL_Driver/Src/stm32f3xx_hal_gpio.o
 .ARM.attributes
                0x000000000000034b       0x34 ./Drivers/STM32F3xx_HAL_Driver/Src/stm32f3xx_hal_rcc.o
 .ARM.attributes
                0x000000000000037f       0x34 ./Drivers/STM32F3xx_HAL_Driver/Src/stm32f3xx_hal_rcc_ex.o
 .ARM.attributes
                0x00000000000003b3       0x34 ./Drivers/STM32F3xx_HAL_Driver/Src/stm32f3xx_hal_tim.o
 .ARM.attributes
                0x00000000000003e7       0x34 ./Drivers/STM32F3xx_HAL_Driver/Src/stm32f3xx_hal_tim_ex.o
 .ARM.attributes
                0x000000000000041b       0x34 ./Drivers/STM32F3xx_HAL_Driver/Src/stm32f3xx_hal_uart.o
 .ARM.attributes
                0x000000000000044f       0x34 ./Middlewares/Third_Party/FreeRTOS/Source/CMSIS_RTOS/cmsis_os.o
 .ARM.attributes
                0x0000000000000483       0x34 ./Middlewares/Third_Party/FreeRTOS/Source/list.o
 .ARM.attributes
                0x00000000000004b7       0x34 ./Middlewares/Third_Party/FreeRTOS/Source/tasks.o
 .ARM.attributes
                0x00000000000004eb       0x34 ./Middlewares/Third_Party/FreeRTOS/Source/portable/GCC/ARM_CM4F/port.o
 .ARM.attributes
                0x000000000000051f       0x34 ./Middlewares/Third_Party/FreeRTOS/Source/portable/MemMang/heap_4.o
 .ARM.attributes
                0x0000000000000553       0x34 c:/st/stm32cubeide_1.12.1/stm32cubeide/plugins/com.st.stm32cube.ide.mcu.externaltools.gnu-tools-for-stm32.10.3-2021.10.win32_1.0.200.202301161003/tools/bin/../lib/gcc/arm-none-eabi/10.3.1/../../../../arm-none-eabi/lib/thumb/v7e-m+fp/hard\libc_nano.a(lib_a-findfp.o)
 .ARM.attributes
                0x0000000000000587       0x34 c:/st/stm32cubeide_1.12.1/stm32cubeide/plugins/com.st.stm32cube.ide.mcu.externaltools.gnu-tools-for-stm32.10.3-2021.10.win32_1.0.200.202301161003/tools/bin/../lib/gcc/arm-none-eabi/10.3.1/../../../../arm-none-eabi/lib/thumb/v7e-m+fp/hard\libc_nano.a(lib_a-impure.o)
 .ARM.attributes
                0x00000000000005bb       0x34 c:/st/stm32cubeide_1.12.1/stm32cubeide/plugins/com.st.stm32cube.ide.mcu.externaltools.gnu-tools-for-stm32.10.3-2021.10.win32_1.0.200.202301161003/tools/bin/../lib/gcc/arm-none-eabi/10.3.1/../../../../arm-none-eabi/lib/thumb/v7e-m+fp/hard\libc_nano.a(lib_a-init.o)
 .ARM.attributes
                0x00000000000005ef       0x34 c:/st/stm32cubeide_1.12.1/stm32cubeide/plugins/com.st.stm32cube.ide.mcu.externaltools.gnu-tools-for-stm32.10.3-2021.10.win32_1.0.200.202301161003/tools/bin/../lib/gcc/arm-none-eabi/10.3.1/../../../../arm-none-eabi/lib/thumb/v7e-m+fp/hard\libc_nano.a(lib_a-lock.o)
 .ARM.attributes
                0x0000000000000623       0x34 c:/st/stm32cubeide_1.12.1/stm32cubeide/plugins/com.st.stm32cube.ide.mcu.externaltools.gnu-tools-for-stm32.10.3-2021.10.win32_1.0.200.202301161003/tools/bin/../lib/gcc/arm-none-eabi/10.3.1/../../../../arm-none-eabi/lib/thumb/v7e-m+fp/hard\libc_nano.a(lib_a-memset.o)
 .ARM.attributes
                0x0000000000000657       0x34 c:/st/stm32cubeide_1.12.1/stm32cubeide/plugins/com.st.stm32cube.ide.mcu.externaltools.gnu-tools-for-stm32.10.3-2021.10.win32_1.0.200.202301161003/tools/bin/../lib/gcc/arm-none-eabi/10.3.1/../../../../arm-none-eabi/lib/thumb/v7e-m+fp/hard\libc_nano.a(lib_a-nano-mallocr.o)
 .ARM.attributes
                0x000000000000068b       0x34 c:/st/stm32cubeide_1.12.1/stm32cubeide/plugins/com.st.stm32cube.ide.mcu.externaltools.gnu-tools-for-stm32.10.3-2021.10.win32_1.0.200.202301161003/tools/bin/../lib/gcc/arm-none-eabi/10.3.1/../../../../arm-none-eabi/lib/thumb/v7e-m+fp/hard\libc_nano.a(lib_a-reent.o)
 .ARM.attributes
                0x00000000000006bf       0x34 c:/st/stm32cubeide_1.12.1/stm32cubeide/plugins/com.st.stm32cube.ide.mcu.externaltools.gnu-tools-for-stm32.10.3-2021.10.win32_1.0.200.202301161003/tools/bin/../lib/gcc/arm-none-eabi/10.3.1/../../../../arm-none-eabi/lib/thumb/v7e-m+fp/hard\libc_nano.a(lib_a-mlock.o)
 .ARM.attributes
                0x00000000000006f3       0x34 c:/st/stm32cubeide_1.12.1/stm32cubeide/plugins/com.st.stm32cube.ide.mcu.externaltools.gnu-tools-for-stm32.10.3-2021.10.win32_1.0.200.202301161003/tools/bin/../lib/gcc/arm-none-eabi/10.3.1/../../../../arm-none-eabi/lib/thumb/v7e-m+fp/hard\libc_nano.a(lib_a-nano-freer.o)
 .ARM.attributes
                0x0000000000000727       0x1e c:/st/stm32cubeide_1.12.1/stm32cubeide/plugins/com.st.stm32cube.ide.mcu.externaltools.gnu-tools-for-stm32.10.3-2021.10.win32_1.0.200.202301161003/tools/bin/../lib/gcc/arm-none-eabi/10.3.1/thumb/v7e-m+fp/hard/crtn.o
OUTPUT(reproductor_SD.elf elf32-littlearm)
LOAD linker stubs
LOAD c:/st/stm32cubeide_1.12.1/stm32cubeide/plugins/com.st.stm32cube.ide.mcu.externaltools.gnu-tools-for-stm32.10.3-2021.10.win32_1.0.200.202301161003/tools/bin/../lib/gcc/arm-none-eabi/10.3.1/../../../../arm-none-eabi/lib/thumb/v7e-m+fp/hard\libc.a
LOAD c:/st/stm32cubeide_1.12.1/stm32cubeide/plugins/com.st.stm32cube.ide.mcu.externaltools.gnu-tools-for-stm32.10.3-2021.10.win32_1.0.200.202301161003/tools/bin/../lib/gcc/arm-none-eabi/10.3.1/../../../../arm-none-eabi/lib/thumb/v7e-m+fp/hard\libm.a
LOAD c:/st/stm32cubeide_1.12.1/stm32cubeide/plugins/com.st.stm32cube.ide.mcu.externaltools.gnu-tools-for-stm32.10.3-2021.10.win32_1.0.200.202301161003/tools/bin/../lib/gcc/arm-none-eabi/10.3.1/thumb/v7e-m+fp/hard\libgcc.a

.debug_info     0x0000000000000000    0x19f2d
 .debug_info    0x0000000000000000      0x908 ./Core/Src/DFPLAYER_MINI.o
 .debug_info    0x0000000000000908      0x9b6 ./Core/Src/freertos.o
 .debug_info    0x00000000000012be     0x282d ./Core/Src/main.o
 .debug_info    0x0000000000003aeb     0x16c2 ./Core/Src/stm32f3xx_hal_msp.o
 .debug_info    0x00000000000051ad      0xa9f ./Core/Src/stm32f3xx_hal_timebase_tim.o
 .debug_info    0x0000000000005c4c      0x938 ./Core/Src/stm32f3xx_it.o
 .debug_info    0x0000000000006584      0x416 ./Core/Src/system_stm32f3xx.o
 .debug_info    0x000000000000699a       0x22 ./Core/Startup/startup_stm32f302r8tx.o
 .debug_info    0x00000000000069bc      0x7a7 ./Drivers/STM32F3xx_HAL_Driver/Src/stm32f3xx_hal.o
 .debug_info    0x0000000000007163     0x14a3 ./Drivers/STM32F3xx_HAL_Driver/Src/stm32f3xx_hal_adc_ex.o
 .debug_info    0x0000000000008606      0xb4a ./Drivers/STM32F3xx_HAL_Driver/Src/stm32f3xx_hal_cortex.o
 .debug_info    0x0000000000009150      0x8a9 ./Drivers/STM32F3xx_HAL_Driver/Src/stm32f3xx_hal_dac.o
 .debug_info    0x00000000000099f9      0x8aa ./Drivers/STM32F3xx_HAL_Driver/Src/stm32f3xx_hal_dac_ex.o
 .debug_info    0x000000000000a2a3      0x757 ./Drivers/STM32F3xx_HAL_Driver/Src/stm32f3xx_hal_dma.o
 .debug_info    0x000000000000a9fa      0x68a ./Drivers/STM32F3xx_HAL_Driver/Src/stm32f3xx_hal_gpio.o
 .debug_info    0x000000000000b084     0x1585 ./Drivers/STM32F3xx_HAL_Driver/Src/stm32f3xx_hal_rcc.o
 .debug_info    0x000000000000c609      0x5d9 ./Drivers/STM32F3xx_HAL_Driver/Src/stm32f3xx_hal_rcc_ex.o
 .debug_info    0x000000000000cbe2     0x2cdb ./Drivers/STM32F3xx_HAL_Driver/Src/stm32f3xx_hal_tim.o
 .debug_info    0x000000000000f8bd     0x16a8 ./Drivers/STM32F3xx_HAL_Driver/Src/stm32f3xx_hal_tim_ex.o
 .debug_info    0x0000000000010f65     0x3bf8 ./Drivers/STM32F3xx_HAL_Driver/Src/stm32f3xx_hal_uart.o
 .debug_info    0x0000000000014b5d     0x232c ./Middlewares/Third_Party/FreeRTOS/Source/CMSIS_RTOS/cmsis_os.o
 .debug_info    0x0000000000016e89      0x2cb ./Middlewares/Third_Party/FreeRTOS/Source/list.o
 .debug_info    0x0000000000017154     0x24ea ./Middlewares/Third_Party/FreeRTOS/Source/tasks.o
 .debug_info    0x000000000001963e      0x507 ./Middlewares/Third_Party/FreeRTOS/Source/portable/GCC/ARM_CM4F/port.o
 .debug_info    0x0000000000019b45      0x3e8 ./Middlewares/Third_Party/FreeRTOS/Source/portable/MemMang/heap_4.o

.debug_abbrev   0x0000000000000000     0x361a
 .debug_abbrev  0x0000000000000000      0x1cb ./Core/Src/DFPLAYER_MINI.o
 .debug_abbrev  0x00000000000001cb      0x169 ./Core/Src/freertos.o
 .debug_abbrev  0x0000000000000334      0x3a5 ./Core/Src/main.o
 .debug_abbrev  0x00000000000006d9      0x232 ./Core/Src/stm32f3xx_hal_msp.o
 .debug_abbrev  0x000000000000090b      0x1e6 ./Core/Src/stm32f3xx_hal_timebase_tim.o
 .debug_abbrev  0x0000000000000af1      0x171 ./Core/Src/stm32f3xx_it.o
 .debug_abbrev  0x0000000000000c62      0x116 ./Core/Src/system_stm32f3xx.o
 .debug_abbrev  0x0000000000000d78       0x12 ./Core/Startup/startup_stm32f302r8tx.o
 .debug_abbrev  0x0000000000000d8a      0x20e ./Drivers/STM32F3xx_HAL_Driver/Src/stm32f3xx_hal.o
 .debug_abbrev  0x0000000000000f98      0x27a ./Drivers/STM32F3xx_HAL_Driver/Src/stm32f3xx_hal_adc_ex.o
 .debug_abbrev  0x0000000000001212      0x2ed ./Drivers/STM32F3xx_HAL_Driver/Src/stm32f3xx_hal_cortex.o
 .debug_abbrev  0x00000000000014ff      0x19d ./Drivers/STM32F3xx_HAL_Driver/Src/stm32f3xx_hal_dac.o
 .debug_abbrev  0x000000000000169c      0x1ff ./Drivers/STM32F3xx_HAL_Driver/Src/stm32f3xx_hal_dac_ex.o
 .debug_abbrev  0x000000000000189b      0x1fe ./Drivers/STM32F3xx_HAL_Driver/Src/stm32f3xx_hal_dma.o
 .debug_abbrev  0x0000000000001a99      0x1bb ./Drivers/STM32F3xx_HAL_Driver/Src/stm32f3xx_hal_gpio.o
 .debug_abbrev  0x0000000000001c54      0x2f9 ./Drivers/STM32F3xx_HAL_Driver/Src/stm32f3xx_hal_rcc.o
 .debug_abbrev  0x0000000000001f4d      0x22d ./Drivers/STM32F3xx_HAL_Driver/Src/stm32f3xx_hal_rcc_ex.o
 .debug_abbrev  0x000000000000217a      0x264 ./Drivers/STM32F3xx_HAL_Driver/Src/stm32f3xx_hal_tim.o
 .debug_abbrev  0x00000000000023de      0x26c ./Drivers/STM32F3xx_HAL_Driver/Src/stm32f3xx_hal_tim_ex.o
 .debug_abbrev  0x000000000000264a      0x2bc ./Drivers/STM32F3xx_HAL_Driver/Src/stm32f3xx_hal_uart.o
 .debug_abbrev  0x0000000000002906      0x406 ./Middlewares/Third_Party/FreeRTOS/Source/CMSIS_RTOS/cmsis_os.o
 .debug_abbrev  0x0000000000002d0c       0xf2 ./Middlewares/Third_Party/FreeRTOS/Source/list.o
 .debug_abbrev  0x0000000000002dfe      0x3c4 ./Middlewares/Third_Party/FreeRTOS/Source/tasks.o
 .debug_abbrev  0x00000000000031c2      0x259 ./Middlewares/Third_Party/FreeRTOS/Source/portable/GCC/ARM_CM4F/port.o
 .debug_abbrev  0x000000000000341b      0x1ff ./Middlewares/Third_Party/FreeRTOS/Source/portable/MemMang/heap_4.o

.debug_aranges  0x0000000000000000     0x1470
 .debug_aranges
                0x0000000000000000       0x58 ./Core/Src/DFPLAYER_MINI.o
 .debug_aranges
                0x0000000000000058       0x20 ./Core/Src/freertos.o
 .debug_aranges
                0x0000000000000078       0xb8 ./Core/Src/main.o
 .debug_aranges
                0x0000000000000130       0x60 ./Core/Src/stm32f3xx_hal_msp.o
 .debug_aranges
                0x0000000000000190       0x30 ./Core/Src/stm32f3xx_hal_timebase_tim.o
 .debug_aranges
                0x00000000000001c0       0x70 ./Core/Src/stm32f3xx_it.o
 .debug_aranges
                0x0000000000000230       0x28 ./Core/Src/system_stm32f3xx.o
 .debug_aranges
                0x0000000000000258       0x28 ./Core/Startup/startup_stm32f302r8tx.o
 .debug_aranges
                0x0000000000000280       0xe0 ./Drivers/STM32F3xx_HAL_Driver/Src/stm32f3xx_hal.o
 .debug_aranges
                0x0000000000000360      0x140 ./Drivers/STM32F3xx_HAL_Driver/Src/stm32f3xx_hal_adc_ex.o
 .debug_aranges
                0x00000000000004a0      0x100 ./Drivers/STM32F3xx_HAL_Driver/Src/stm32f3xx_hal_cortex.o
 .debug_aranges
                0x00000000000005a0       0xa8 ./Drivers/STM32F3xx_HAL_Driver/Src/stm32f3xx_hal_dac.o
 .debug_aranges
                0x0000000000000648       0x78 ./Drivers/STM32F3xx_HAL_Driver/Src/stm32f3xx_hal_dac_ex.o
 .debug_aranges
                0x00000000000006c0       0x88 ./Drivers/STM32F3xx_HAL_Driver/Src/stm32f3xx_hal_dma.o
 .debug_aranges
                0x0000000000000748       0x58 ./Drivers/STM32F3xx_HAL_Driver/Src/stm32f3xx_hal_gpio.o
 .debug_aranges
                0x00000000000007a0       0x88 ./Drivers/STM32F3xx_HAL_Driver/Src/stm32f3xx_hal_rcc.o
 .debug_aranges
                0x0000000000000828       0x38 ./Drivers/STM32F3xx_HAL_Driver/Src/stm32f3xx_hal_rcc_ex.o
 .debug_aranges
                0x0000000000000860      0x3e0 ./Drivers/STM32F3xx_HAL_Driver/Src/stm32f3xx_hal_tim.o
 .debug_aranges
                0x0000000000000c40      0x178 ./Drivers/STM32F3xx_HAL_Driver/Src/stm32f3xx_hal_tim_ex.o
 .debug_aranges
                0x0000000000000db8      0x228 ./Drivers/STM32F3xx_HAL_Driver/Src/stm32f3xx_hal_uart.o
 .debug_aranges
                0x0000000000000fe0      0x1d8 ./Middlewares/Third_Party/FreeRTOS/Source/CMSIS_RTOS/cmsis_os.o
 .debug_aranges
                0x00000000000011b8       0x40 ./Middlewares/Third_Party/FreeRTOS/Source/list.o
 .debug_aranges
                0x00000000000011f8      0x1a8 ./Middlewares/Third_Party/FreeRTOS/Source/tasks.o
 .debug_aranges
                0x00000000000013a0       0x80 ./Middlewares/Third_Party/FreeRTOS/Source/portable/GCC/ARM_CM4F/port.o
 .debug_aranges
                0x0000000000001420       0x50 ./Middlewares/Third_Party/FreeRTOS/Source/portable/MemMang/heap_4.o

.debug_ranges   0x0000000000000000     0x1318
 .debug_ranges  0x0000000000000000       0x48 ./Core/Src/DFPLAYER_MINI.o
 .debug_ranges  0x0000000000000048       0x10 ./Core/Src/freertos.o
 .debug_ranges  0x0000000000000058       0xa8 ./Core/Src/main.o
 .debug_ranges  0x0000000000000100       0x50 ./Core/Src/stm32f3xx_hal_msp.o
 .debug_ranges  0x0000000000000150       0x20 ./Core/Src/stm32f3xx_hal_timebase_tim.o
 .debug_ranges  0x0000000000000170       0x60 ./Core/Src/stm32f3xx_it.o
 .debug_ranges  0x00000000000001d0       0x18 ./Core/Src/system_stm32f3xx.o
 .debug_ranges  0x00000000000001e8       0x20 ./Core/Startup/startup_stm32f302r8tx.o
 .debug_ranges  0x0000000000000208       0xd0 ./Drivers/STM32F3xx_HAL_Driver/Src/stm32f3xx_hal.o
 .debug_ranges  0x00000000000002d8      0x130 ./Drivers/STM32F3xx_HAL_Driver/Src/stm32f3xx_hal_adc_ex.o
 .debug_ranges  0x0000000000000408       0xf0 ./Drivers/STM32F3xx_HAL_Driver/Src/stm32f3xx_hal_cortex.o
 .debug_ranges  0x00000000000004f8       0x98 ./Drivers/STM32F3xx_HAL_Driver/Src/stm32f3xx_hal_dac.o
 .debug_ranges  0x0000000000000590       0x68 ./Drivers/STM32F3xx_HAL_Driver/Src/stm32f3xx_hal_dac_ex.o
 .debug_ranges  0x00000000000005f8       0x78 ./Drivers/STM32F3xx_HAL_Driver/Src/stm32f3xx_hal_dma.o
 .debug_ranges  0x0000000000000670       0x48 ./Drivers/STM32F3xx_HAL_Driver/Src/stm32f3xx_hal_gpio.o
 .debug_ranges  0x00000000000006b8       0x78 ./Drivers/STM32F3xx_HAL_Driver/Src/stm32f3xx_hal_rcc.o
 .debug_ranges  0x0000000000000730       0x28 ./Drivers/STM32F3xx_HAL_Driver/Src/stm32f3xx_hal_rcc_ex.o
 .debug_ranges  0x0000000000000758      0x3d0 ./Drivers/STM32F3xx_HAL_Driver/Src/stm32f3xx_hal_tim.o
 .debug_ranges  0x0000000000000b28      0x168 ./Drivers/STM32F3xx_HAL_Driver/Src/stm32f3xx_hal_tim_ex.o
 .debug_ranges  0x0000000000000c90      0x248 ./Drivers/STM32F3xx_HAL_Driver/Src/stm32f3xx_hal_uart.o
 .debug_ranges  0x0000000000000ed8      0x1c8 ./Middlewares/Third_Party/FreeRTOS/Source/CMSIS_RTOS/cmsis_os.o
 .debug_ranges  0x00000000000010a0       0x30 ./Middlewares/Third_Party/FreeRTOS/Source/list.o
 .debug_ranges  0x00000000000010d0      0x198 ./Middlewares/Third_Party/FreeRTOS/Source/tasks.o
 .debug_ranges  0x0000000000001268       0x70 ./Middlewares/Third_Party/FreeRTOS/Source/portable/GCC/ARM_CM4F/port.o
 .debug_ranges  0x00000000000012d8       0x40 ./Middlewares/Third_Party/FreeRTOS/Source/portable/MemMang/heap_4.o

.debug_macro    0x0000000000000000    0x1ef03
 .debug_macro   0x0000000000000000      0x39f ./Core/Src/DFPLAYER_MINI.o
 .debug_macro   0x000000000000039f      0xa78 ./Core/Src/DFPLAYER_MINI.o
 .debug_macro   0x0000000000000e17      0x163 ./Core/Src/DFPLAYER_MINI.o
 .debug_macro   0x0000000000000f7a       0x2e ./Core/Src/DFPLAYER_MINI.o
 .debug_macro   0x0000000000000fa8       0x28 ./Core/Src/DFPLAYER_MINI.o
 .debug_macro   0x0000000000000fd0       0x22 ./Core/Src/DFPLAYER_MINI.o
 .debug_macro   0x0000000000000ff2       0x8e ./Core/Src/DFPLAYER_MINI.o
 .debug_macro   0x0000000000001080       0x51 ./Core/Src/DFPLAYER_MINI.o
 .debug_macro   0x00000000000010d1      0x103 ./Core/Src/DFPLAYER_MINI.o
 .debug_macro   0x00000000000011d4       0x6a ./Core/Src/DFPLAYER_MINI.o
 .debug_macro   0x000000000000123e      0x1df ./Core/Src/DFPLAYER_MINI.o
 .debug_macro   0x000000000000141d       0x1c ./Core/Src/DFPLAYER_MINI.o
 .debug_macro   0x0000000000001439       0x22 ./Core/Src/DFPLAYER_MINI.o
 .debug_macro   0x000000000000145b       0xd9 ./Core/Src/DFPLAYER_MINI.o
 .debug_macro   0x0000000000001534      0xf07 ./Core/Src/DFPLAYER_MINI.o
 .debug_macro   0x000000000000243b    0x110e8 ./Core/Src/DFPLAYER_MINI.o
 .debug_macro   0x0000000000013523       0x6d ./Core/Src/DFPLAYER_MINI.o
 .debug_macro   0x0000000000013590     0x3558 ./Core/Src/DFPLAYER_MINI.o
 .debug_macro   0x0000000000016ae8      0x174 ./Core/Src/DFPLAYER_MINI.o
 .debug_macro   0x0000000000016c5c       0x55 ./Core/Src/DFPLAYER_MINI.o
 .debug_macro   0x0000000000016cb1      0x8f8 ./Core/Src/DFPLAYER_MINI.o
 .debug_macro   0x00000000000175a9      0x41b ./Core/Src/DFPLAYER_MINI.o
 .debug_macro   0x00000000000179c4      0x1b5 ./Core/Src/DFPLAYER_MINI.o
 .debug_macro   0x0000000000017b79      0x161 ./Core/Src/DFPLAYER_MINI.o
 .debug_macro   0x0000000000017cda      0x1d5 ./Core/Src/DFPLAYER_MINI.o
 .debug_macro   0x0000000000017eaf      0x1bc ./Core/Src/DFPLAYER_MINI.o
 .debug_macro   0x000000000001806b       0x34 ./Core/Src/DFPLAYER_MINI.o
 .debug_macro   0x000000000001809f       0x3c ./Core/Src/DFPLAYER_MINI.o
 .debug_macro   0x00000000000180db       0x57 ./Core/Src/DFPLAYER_MINI.o
 .debug_macro   0x0000000000018132      0x7b9 ./Core/Src/DFPLAYER_MINI.o
 .debug_macro   0x00000000000188eb       0x77 ./Core/Src/DFPLAYER_MINI.o
 .debug_macro   0x0000000000018962      0x176 ./Core/Src/DFPLAYER_MINI.o
 .debug_macro   0x0000000000018ad8       0x4e ./Core/Src/DFPLAYER_MINI.o
 .debug_macro   0x0000000000018b26       0xc5 ./Core/Src/DFPLAYER_MINI.o
 .debug_macro   0x0000000000018beb      0x19f ./Core/Src/DFPLAYER_MINI.o
 .debug_macro   0x0000000000018d8a      0x22c ./Core/Src/DFPLAYER_MINI.o
 .debug_macro   0x0000000000018fb6       0x5b ./Core/Src/DFPLAYER_MINI.o
 .debug_macro   0x0000000000019011       0xa5 ./Core/Src/DFPLAYER_MINI.o
 .debug_macro   0x00000000000190b6       0x81 ./Core/Src/DFPLAYER_MINI.o
 .debug_macro   0x0000000000019137       0xd3 ./Core/Src/DFPLAYER_MINI.o
 .debug_macro   0x000000000001920a      0xa59 ./Core/Src/DFPLAYER_MINI.o
 .debug_macro   0x0000000000019c63       0x41 ./Core/Src/DFPLAYER_MINI.o
 .debug_macro   0x0000000000019ca4      0x5ba ./Core/Src/DFPLAYER_MINI.o
 .debug_macro   0x000000000001a25e       0x44 ./Core/Src/DFPLAYER_MINI.o
 .debug_macro   0x000000000001a2a2      0x1f7 ./Core/Src/DFPLAYER_MINI.o
 .debug_macro   0x000000000001a499       0x52 ./Core/Src/DFPLAYER_MINI.o
 .debug_macro   0x000000000001a4eb       0x1e ./Core/Src/DFPLAYER_MINI.o
 .debug_macro   0x000000000001a509       0x3c ./Core/Src/DFPLAYER_MINI.o
 .debug_macro   0x000000000001a545       0x34 ./Core/Src/DFPLAYER_MINI.o
 .debug_macro   0x000000000001a579       0x16 ./Core/Src/DFPLAYER_MINI.o
 .debug_macro   0x000000000001a58f       0x35 ./Core/Src/DFPLAYER_MINI.o
 .debug_macro   0x000000000001a5c4      0x341 ./Core/Src/DFPLAYER_MINI.o
 .debug_macro   0x000000000001a905       0x10 ./Core/Src/DFPLAYER_MINI.o
 .debug_macro   0x000000000001a915       0x16 ./Core/Src/DFPLAYER_MINI.o
 .debug_macro   0x000000000001a92b       0x43 ./Core/Src/DFPLAYER_MINI.o
 .debug_macro   0x000000000001a96e       0x34 ./Core/Src/DFPLAYER_MINI.o
 .debug_macro   0x000000000001a9a2       0x10 ./Core/Src/DFPLAYER_MINI.o
 .debug_macro   0x000000000001a9b2       0x58 ./Core/Src/DFPLAYER_MINI.o
 .debug_macro   0x000000000001aa0a       0x71 ./Core/Src/DFPLAYER_MINI.o
 .debug_macro   0x000000000001aa7b       0x1c ./Core/Src/DFPLAYER_MINI.o
 .debug_macro   0x000000000001aa97      0x12a ./Core/Src/DFPLAYER_MINI.o
 .debug_macro   0x000000000001abc1       0x10 ./Core/Src/DFPLAYER_MINI.o
 .debug_macro   0x000000000001abd1       0x1c ./Core/Src/DFPLAYER_MINI.o
 .debug_macro   0x000000000001abed       0x52 ./Core/Src/DFPLAYER_MINI.o
 .debug_macro   0x000000000001ac3f       0x22 ./Core/Src/DFPLAYER_MINI.o
 .debug_macro   0x000000000001ac61       0x10 ./Core/Src/DFPLAYER_MINI.o
 .debug_macro   0x000000000001ac71       0x52 ./Core/Src/DFPLAYER_MINI.o
 .debug_macro   0x000000000001acc3       0xd5 ./Core/Src/DFPLAYER_MINI.o
 .debug_macro   0x000000000001ad98       0x1c ./Core/Src/DFPLAYER_MINI.o
 .debug_macro   0x000000000001adb4       0x3d ./Core/Src/DFPLAYER_MINI.o
 .debug_macro   0x000000000001adf1       0x16 ./Core/Src/DFPLAYER_MINI.o
 .debug_macro   0x000000000001ae07      0x145 ./Core/Src/DFPLAYER_MINI.o
 .debug_macro   0x000000000001af4c      0x306 ./Core/Src/freertos.o
 .debug_macro   0x000000000001b252       0xdc ./Core/Src/freertos.o
 .debug_macro   0x000000000001b32e      0x15a ./Core/Src/freertos.o
 .debug_macro   0x000000000001b488       0xd7 ./Core/Src/freertos.o
 .debug_macro   0x000000000001b55f       0x10 ./Core/Src/freertos.o
 .debug_macro   0x000000000001b56f       0x1f ./Core/Src/freertos.o
 .debug_macro   0x000000000001b58e       0x10 ./Core/Src/freertos.o
 .debug_macro   0x000000000001b59e      0x4b1 ./Core/Src/freertos.o
 .debug_macro   0x000000000001ba4f       0xb5 ./Core/Src/freertos.o
 .debug_macro   0x000000000001bb04       0x8c ./Core/Src/freertos.o
 .debug_macro   0x000000000001bb90       0x28 ./Core/Src/freertos.o
 .debug_macro   0x000000000001bbb8      0x46b ./Core/Src/main.o
 .debug_macro   0x000000000001c023       0xdc ./Core/Src/main.o
 .debug_macro   0x000000000001c0ff       0x91 ./Core/Src/main.o
 .debug_macro   0x000000000001c190       0x8d ./Core/Src/main.o
 .debug_macro   0x000000000001c21d       0x7e ./Core/Src/main.o
 .debug_macro   0x000000000001c29b       0x19 ./Core/Src/main.o
 .debug_macro   0x000000000001c2b4       0xf2 ./Core/Src/main.o
 .debug_macro   0x000000000001c3a6       0x1c ./Core/Src/main.o
 .debug_macro   0x000000000001c3c2       0x16 ./Core/Src/main.o
 .debug_macro   0x000000000001c3d8       0x20 ./Core/Src/main.o
 .debug_macro   0x000000000001c3f8      0x201 ./Core/Src/stm32f3xx_hal_msp.o
 .debug_macro   0x000000000001c5f9      0x1f2 ./Core/Src/stm32f3xx_hal_timebase_tim.o
 .debug_macro   0x000000000001c7eb      0x20b ./Core/Src/stm32f3xx_it.o
 .debug_macro   0x000000000001c9f6      0x1f2 ./Core/Src/system_stm32f3xx.o
 .debug_macro   0x000000000001cbe8      0x216 ./Drivers/STM32F3xx_HAL_Driver/Src/stm32f3xx_hal.o
 .debug_macro   0x000000000001cdfe      0x21c ./Drivers/STM32F3xx_HAL_Driver/Src/stm32f3xx_hal_adc_ex.o
 .debug_macro   0x000000000001d01a      0x1f2 ./Drivers/STM32F3xx_HAL_Driver/Src/stm32f3xx_hal_cortex.o
 .debug_macro   0x000000000001d20c      0x1f3 ./Drivers/STM32F3xx_HAL_Driver/Src/stm32f3xx_hal_dac.o
 .debug_macro   0x000000000001d3ff      0x1f2 ./Drivers/STM32F3xx_HAL_Driver/Src/stm32f3xx_hal_dac_ex.o
 .debug_macro   0x000000000001d5f1      0x1f2 ./Drivers/STM32F3xx_HAL_Driver/Src/stm32f3xx_hal_dma.o
 .debug_macro   0x000000000001d7e3      0x1f9 ./Drivers/STM32F3xx_HAL_Driver/Src/stm32f3xx_hal_gpio.o
 .debug_macro   0x000000000001d9dc      0x216 ./Drivers/STM32F3xx_HAL_Driver/Src/stm32f3xx_hal_rcc.o
 .debug_macro   0x000000000001dbf2      0x1f2 ./Drivers/STM32F3xx_HAL_Driver/Src/stm32f3xx_hal_rcc_ex.o
 .debug_macro   0x000000000001dde4      0x1f3 ./Drivers/STM32F3xx_HAL_Driver/Src/stm32f3xx_hal_tim.o
 .debug_macro   0x000000000001dfd7      0x1f2 ./Drivers/STM32F3xx_HAL_Driver/Src/stm32f3xx_hal_tim_ex.o
 .debug_macro   0x000000000001e1c9      0x20f ./Drivers/STM32F3xx_HAL_Driver/Src/stm32f3xx_hal_uart.o
 .debug_macro   0x000000000001e3d8      0x210 ./Middlewares/Third_Party/FreeRTOS/Source/CMSIS_RTOS/cmsis_os.o
 .debug_macro   0x000000000001e5e8       0x10 ./Middlewares/Third_Party/FreeRTOS/Source/CMSIS_RTOS/cmsis_os.o
 .debug_macro   0x000000000001e5f8       0x16 ./Middlewares/Third_Party/FreeRTOS/Source/CMSIS_RTOS/cmsis_os.o
 .debug_macro   0x000000000001e60e       0xc7 ./Middlewares/Third_Party/FreeRTOS/Source/CMSIS_RTOS/cmsis_os.o
 .debug_macro   0x000000000001e6d5      0x199 ./Middlewares/Third_Party/FreeRTOS/Source/list.o
 .debug_macro   0x000000000001e86e      0x292 ./Middlewares/Third_Party/FreeRTOS/Source/tasks.o
 .debug_macro   0x000000000001eb00       0x10 ./Middlewares/Third_Party/FreeRTOS/Source/tasks.o
 .debug_macro   0x000000000001eb10      0x233 ./Middlewares/Third_Party/FreeRTOS/Source/portable/GCC/ARM_CM4F/port.o
 .debug_macro   0x000000000001ed43      0x1c0 ./Middlewares/Third_Party/FreeRTOS/Source/portable/MemMang/heap_4.o

.debug_line     0x0000000000000000    0x18c5b
 .debug_line    0x0000000000000000      0xa33 ./Core/Src/DFPLAYER_MINI.o
 .debug_line    0x0000000000000a33      0x96d ./Core/Src/freertos.o
 .debug_line    0x00000000000013a0      0xfbc ./Core/Src/main.o
 .debug_line    0x000000000000235c      0x915 ./Core/Src/stm32f3xx_hal_msp.o
 .debug_line    0x0000000000002c71      0x7bd ./Core/Src/stm32f3xx_hal_timebase_tim.o
 .debug_line    0x000000000000342e      0x840 ./Core/Src/stm32f3xx_it.o
 .debug_line    0x0000000000003c6e      0x7b8 ./Core/Src/system_stm32f3xx.o
 .debug_line    0x0000000000004426       0x88 ./Core/Startup/startup_stm32f302r8tx.o
 .debug_line    0x00000000000044ae      0x9ed ./Drivers/STM32F3xx_HAL_Driver/Src/stm32f3xx_hal.o
 .debug_line    0x0000000000004e9b     0x1bd4 ./Drivers/STM32F3xx_HAL_Driver/Src/stm32f3xx_hal_adc_ex.o
 .debug_line    0x0000000000006a6f      0xbd5 ./Drivers/STM32F3xx_HAL_Driver/Src/stm32f3xx_hal_cortex.o
 .debug_line    0x0000000000007644      0x935 ./Drivers/STM32F3xx_HAL_Driver/Src/stm32f3xx_hal_dac.o
 .debug_line    0x0000000000007f79      0xa7a ./Drivers/STM32F3xx_HAL_Driver/Src/stm32f3xx_hal_dac_ex.o
 .debug_line    0x00000000000089f3      0xcdb ./Drivers/STM32F3xx_HAL_Driver/Src/stm32f3xx_hal_dma.o
 .debug_line    0x00000000000096ce      0xb38 ./Drivers/STM32F3xx_HAL_Driver/Src/stm32f3xx_hal_gpio.o
 .debug_line    0x000000000000a206     0x13ca ./Drivers/STM32F3xx_HAL_Driver/Src/stm32f3xx_hal_rcc.o
 .debug_line    0x000000000000b5d0      0xc2a ./Drivers/STM32F3xx_HAL_Driver/Src/stm32f3xx_hal_rcc_ex.o
 .debug_line    0x000000000000c1fa     0x3beb ./Drivers/STM32F3xx_HAL_Driver/Src/stm32f3xx_hal_tim.o
 .debug_line    0x000000000000fde5     0x1a33 ./Drivers/STM32F3xx_HAL_Driver/Src/stm32f3xx_hal_tim_ex.o
 .debug_line    0x0000000000011818     0x30b4 ./Drivers/STM32F3xx_HAL_Driver/Src/stm32f3xx_hal_uart.o
 .debug_line    0x00000000000148cc     0x11d7 ./Middlewares/Third_Party/FreeRTOS/Source/CMSIS_RTOS/cmsis_os.o
 .debug_line    0x0000000000015aa3      0x712 ./Middlewares/Third_Party/FreeRTOS/Source/list.o
 .debug_line    0x00000000000161b5     0x18f9 ./Middlewares/Third_Party/FreeRTOS/Source/tasks.o
 .debug_line    0x0000000000017aae      0x8d9 ./Middlewares/Third_Party/FreeRTOS/Source/portable/GCC/ARM_CM4F/port.o
 .debug_line    0x0000000000018387      0x8d4 ./Middlewares/Third_Party/FreeRTOS/Source/portable/MemMang/heap_4.o

.debug_str      0x0000000000000000    0xb6b10
 .debug_str     0x0000000000000000    0xa9b64 ./Core/Src/DFPLAYER_MINI.o
                                      0xa9e4d (size before relaxing)
 .debug_str     0x00000000000a9b64     0x3ebf ./Core/Src/freertos.o
                                      0xab36c (size before relaxing)
 .debug_str     0x00000000000ada23     0x33d7 ./Core/Src/main.o
                                      0xb1171 (size before relaxing)
 .debug_str     0x00000000000b0dfa      0x131 ./Core/Src/stm32f3xx_hal_msp.o
                                      0xa6b82 (size before relaxing)
 .debug_str     0x00000000000b0f2b       0xf5 ./Core/Src/stm32f3xx_hal_timebase_tim.o
                                      0xa64d0 (size before relaxing)
 .debug_str     0x00000000000b1020      0x116 ./Core/Src/stm32f3xx_it.o
                                      0xa6283 (size before relaxing)
 .debug_str     0x00000000000b1136       0xdf ./Core/Src/system_stm32f3xx.o
                                      0xa5bb2 (size before relaxing)
 .debug_str     0x00000000000b1215       0x36 ./Core/Startup/startup_stm32f302r8tx.o
                                         0x77 (size before relaxing)
 .debug_str     0x00000000000b124b      0x353 ./Drivers/STM32F3xx_HAL_Driver/Src/stm32f3xx_hal.o
                                      0xa630c (size before relaxing)
 .debug_str     0x00000000000b159e      0x7d8 ./Drivers/STM32F3xx_HAL_Driver/Src/stm32f3xx_hal_adc_ex.o
                                      0xa67d4 (size before relaxing)
 .debug_str     0x00000000000b1d76      0x20f ./Drivers/STM32F3xx_HAL_Driver/Src/stm32f3xx_hal_cortex.o
                                      0xa6231 (size before relaxing)
 .debug_str     0x00000000000b1f85      0x14c ./Drivers/STM32F3xx_HAL_Driver/Src/stm32f3xx_hal_dac.o
                                      0xa5fc2 (size before relaxing)
 .debug_str     0x00000000000b20d1       0xdc ./Drivers/STM32F3xx_HAL_Driver/Src/stm32f3xx_hal_dac_ex.o
                                      0xa5fed (size before relaxing)
 .debug_str     0x00000000000b21ad      0x1fa ./Drivers/STM32F3xx_HAL_Driver/Src/stm32f3xx_hal_dma.o
                                      0xa5efa (size before relaxing)
 .debug_str     0x00000000000b23a7       0xef ./Drivers/STM32F3xx_HAL_Driver/Src/stm32f3xx_hal_gpio.o
                                      0xa5d28 (size before relaxing)
 .debug_str     0x00000000000b2496      0x294 ./Drivers/STM32F3xx_HAL_Driver/Src/stm32f3xx_hal_rcc.o
                                      0xa6052 (size before relaxing)
 .debug_str     0x00000000000b272a       0xbe ./Drivers/STM32F3xx_HAL_Driver/Src/stm32f3xx_hal_rcc_ex.o
                                      0xa5dd6 (size before relaxing)
 .debug_str     0x00000000000b27e8      0xdbf ./Drivers/STM32F3xx_HAL_Driver/Src/stm32f3xx_hal_tim.o
                                      0xa6fd9 (size before relaxing)
 .debug_str     0x00000000000b35a7      0x4dc ./Drivers/STM32F3xx_HAL_Driver/Src/stm32f3xx_hal_tim_ex.o
                                      0xa682f (size before relaxing)
 .debug_str     0x00000000000b3a83      0x85d ./Drivers/STM32F3xx_HAL_Driver/Src/stm32f3xx_hal_uart.o
                                      0xa68d5 (size before relaxing)
 .debug_str     0x00000000000b42e0      0xa5c ./Middlewares/Third_Party/FreeRTOS/Source/CMSIS_RTOS/cmsis_os.o
                                       0xe2e6 (size before relaxing)
 .debug_str     0x00000000000b4d3c      0x21b ./Middlewares/Third_Party/FreeRTOS/Source/list.o
                                       0xa3a1 (size before relaxing)
 .debug_str     0x00000000000b4f57     0x11f3 ./Middlewares/Third_Party/FreeRTOS/Source/tasks.o
                                       0xca60 (size before relaxing)
 .debug_str     0x00000000000b614a      0x783 ./Middlewares/Third_Party/FreeRTOS/Source/portable/GCC/ARM_CM4F/port.o
                                       0x9beb (size before relaxing)
 .debug_str     0x00000000000b68cd      0x243 ./Middlewares/Third_Party/FreeRTOS/Source/portable/MemMang/heap_4.o
                                       0xaaee (size before relaxing)

.comment        0x0000000000000000       0x50
 .comment       0x0000000000000000       0x50 ./Core/Src/DFPLAYER_MINI.o
                                         0x51 (size before relaxing)
 .comment       0x0000000000000050       0x51 ./Core/Src/freertos.o
 .comment       0x0000000000000050       0x51 ./Core/Src/main.o
 .comment       0x0000000000000050       0x51 ./Core/Src/stm32f3xx_hal_msp.o
 .comment       0x0000000000000050       0x51 ./Core/Src/stm32f3xx_hal_timebase_tim.o
 .comment       0x0000000000000050       0x51 ./Core/Src/stm32f3xx_it.o
 .comment       0x0000000000000050       0x51 ./Core/Src/system_stm32f3xx.o
 .comment       0x0000000000000050       0x51 ./Drivers/STM32F3xx_HAL_Driver/Src/stm32f3xx_hal.o
 .comment       0x0000000000000050       0x51 ./Drivers/STM32F3xx_HAL_Driver/Src/stm32f3xx_hal_adc_ex.o
 .comment       0x0000000000000050       0x51 ./Drivers/STM32F3xx_HAL_Driver/Src/stm32f3xx_hal_cortex.o
 .comment       0x0000000000000050       0x51 ./Drivers/STM32F3xx_HAL_Driver/Src/stm32f3xx_hal_dac.o
 .comment       0x0000000000000050       0x51 ./Drivers/STM32F3xx_HAL_Driver/Src/stm32f3xx_hal_dac_ex.o
 .comment       0x0000000000000050       0x51 ./Drivers/STM32F3xx_HAL_Driver/Src/stm32f3xx_hal_dma.o
 .comment       0x0000000000000050       0x51 ./Drivers/STM32F3xx_HAL_Driver/Src/stm32f3xx_hal_gpio.o
 .comment       0x0000000000000050       0x51 ./Drivers/STM32F3xx_HAL_Driver/Src/stm32f3xx_hal_rcc.o
 .comment       0x0000000000000050       0x51 ./Drivers/STM32F3xx_HAL_Driver/Src/stm32f3xx_hal_rcc_ex.o
 .comment       0x0000000000000050       0x51 ./Drivers/STM32F3xx_HAL_Driver/Src/stm32f3xx_hal_tim.o
 .comment       0x0000000000000050       0x51 ./Drivers/STM32F3xx_HAL_Driver/Src/stm32f3xx_hal_tim_ex.o
 .comment       0x0000000000000050       0x51 ./Drivers/STM32F3xx_HAL_Driver/Src/stm32f3xx_hal_uart.o
 .comment       0x0000000000000050       0x51 ./Middlewares/Third_Party/FreeRTOS/Source/CMSIS_RTOS/cmsis_os.o
 .comment       0x0000000000000050       0x51 ./Middlewares/Third_Party/FreeRTOS/Source/list.o
 .comment       0x0000000000000050       0x51 ./Middlewares/Third_Party/FreeRTOS/Source/tasks.o
 .comment       0x0000000000000050       0x51 ./Middlewares/Third_Party/FreeRTOS/Source/portable/GCC/ARM_CM4F/port.o
 .comment       0x0000000000000050       0x51 ./Middlewares/Third_Party/FreeRTOS/Source/portable/MemMang/heap_4.o

.debug_frame    0x0000000000000000     0x57b4
 .debug_frame   0x0000000000000000      0x100 ./Core/Src/DFPLAYER_MINI.o
 .debug_frame   0x0000000000000100       0x38 ./Core/Src/freertos.o
 .debug_frame   0x0000000000000138      0x2c0 ./Core/Src/main.o
 .debug_frame   0x00000000000003f8      0x154 ./Core/Src/stm32f3xx_hal_msp.o
 .debug_frame   0x000000000000054c       0x74 ./Core/Src/stm32f3xx_hal_timebase_tim.o
 .debug_frame   0x00000000000005c0      0x134 ./Core/Src/stm32f3xx_it.o
 .debug_frame   0x00000000000006f4       0x58 ./Core/Src/system_stm32f3xx.o
 .debug_frame   0x000000000000074c      0x334 ./Drivers/STM32F3xx_HAL_Driver/Src/stm32f3xx_hal.o
 .debug_frame   0x0000000000000a80      0x57c ./Drivers/STM32F3xx_HAL_Driver/Src/stm32f3xx_hal_adc_ex.o
 .debug_frame   0x0000000000000ffc      0x428 ./Drivers/STM32F3xx_HAL_Driver/Src/stm32f3xx_hal_cortex.o
 .debug_frame   0x0000000000001424      0x2d4 ./Drivers/STM32F3xx_HAL_Driver/Src/stm32f3xx_hal_dac.o
 .debug_frame   0x00000000000016f8      0x1dc ./Drivers/STM32F3xx_HAL_Driver/Src/stm32f3xx_hal_dac_ex.o
 .debug_frame   0x00000000000018d4      0x224 ./Drivers/STM32F3xx_HAL_Driver/Src/stm32f3xx_hal_dma.o
 .debug_frame   0x0000000000001af8      0x14c ./Drivers/STM32F3xx_HAL_Driver/Src/stm32f3xx_hal_gpio.o
 .debug_frame   0x0000000000001c44      0x214 ./Drivers/STM32F3xx_HAL_Driver/Src/stm32f3xx_hal_rcc.o
 .debug_frame   0x0000000000001e58       0xb0 ./Drivers/STM32F3xx_HAL_Driver/Src/stm32f3xx_hal_rcc_ex.o
 .debug_frame   0x0000000000001f08     0x121c ./Drivers/STM32F3xx_HAL_Driver/Src/stm32f3xx_hal_tim.o
 .debug_frame   0x0000000000003124      0x688 ./Drivers/STM32F3xx_HAL_Driver/Src/stm32f3xx_hal_tim_ex.o
 .debug_frame   0x00000000000037ac      0x9e8 ./Drivers/STM32F3xx_HAL_Driver/Src/stm32f3xx_hal_uart.o
 .debug_frame   0x0000000000004194      0x80c ./Middlewares/Third_Party/FreeRTOS/Source/CMSIS_RTOS/cmsis_os.o
 .debug_frame   0x00000000000049a0       0xd8 ./Middlewares/Third_Party/FreeRTOS/Source/list.o
 .debug_frame   0x0000000000004a78      0x734 ./Middlewares/Third_Party/FreeRTOS/Source/tasks.o