../Core/Src/main.c:87:6:delay	16	static
../Core/Src/main.c:102:6:Set_Pin_Output	40	static
../Core/Src/main.c:112:6:Set_Pin_Input	40	static
../Core/Src/main.c:122:6:DHT11_Start	8	static
../Core/Src/main.c:132:9:DHT11_Check_Response	16	static
../Core/Src/main.c:145:9:DHT11_Read	16	static
../Core/Src/main.c:170:5:main	72	static
../Core/Src/main.c:266:6:SystemClock_Config	120	static
../Core/Src/main.c:318:13:MX_ADC1_Init	32	static
../Core/Src/main.c:375:13:MX_DAC_Init	24	static
../Core/Src/main.c:415:13:MX_TIM1_Init	40	static
../Core/Src/main.c:462:13:MX_TIM2_Init	40	static
../Core/Src/main.c:507:13:MX_TIM15_Init	40	static
../Core/Src/main.c:553:13:MX_USART1_UART_Init	8	static
../Core/Src/main.c:586:13:MX_DMA_Init	16	static
../Core/Src/main.c:610:13:MX_GPIO_Init	48	static
../Core/Src/main.c:657:6:Task1	16	static
../Core/Src/main.c:685:6:Task0	16	static
../Core/Src/main.c:705:6:HAL_TIM_PeriodElapsedCallback	16	static
../Core/Src/main.c:722:6:Error_Handler	4	static,ignoring_inline_asm
